Component: ARM Compiler 5.05 update 1 (build 106) Tool: armlink [4d0efa]

==============================================================================

Section Cross References

    startup_stm32h723xx.o(STACK) refers (Special) to heapauxi.o(.text) for __use_two_region_memory
    startup_stm32h723xx.o(HEAP) refers (Special) to heapauxi.o(.text) for __use_two_region_memory
    startup_stm32h723xx.o(RESET) refers (Special) to heapauxi.o(.text) for __use_two_region_memory
    startup_stm32h723xx.o(RESET) refers to startup_stm32h723xx.o(STACK) for __initial_sp
    startup_stm32h723xx.o(RESET) refers to startup_stm32h723xx.o(.text) for Reset_Handler
    startup_stm32h723xx.o(RESET) refers to stm32h7xx_it.o(i.NMI_Handler) for NMI_Handler
    startup_stm32h723xx.o(RESET) refers to stm32h7xx_it.o(i.HardFault_Handler) for HardFault_Handler
    startup_stm32h723xx.o(RESET) refers to stm32h7xx_it.o(i.MemManage_Handler) for MemManage_Handler
    startup_stm32h723xx.o(RESET) refers to stm32h7xx_it.o(i.BusFault_Handler) for BusFault_Handler
    startup_stm32h723xx.o(RESET) refers to stm32h7xx_it.o(i.UsageFault_Handler) for UsageFault_Handler
    startup_stm32h723xx.o(RESET) refers to port.o(.emb_text) for SVC_Handler
    startup_stm32h723xx.o(RESET) refers to stm32h7xx_it.o(i.DebugMon_Handler) for DebugMon_Handler
    startup_stm32h723xx.o(RESET) refers to cmsis_os2.o(i.SysTick_Handler) for SysTick_Handler
    startup_stm32h723xx.o(RESET) refers to stm32h7xx_it.o(i.FDCAN1_IT0_IRQHandler) for FDCAN1_IT0_IRQHandler
    startup_stm32h723xx.o(RESET) refers to stm32h7xx_it.o(i.TIM2_IRQHandler) for TIM2_IRQHandler
    startup_stm32h723xx.o(.text) refers (Special) to heapauxi.o(.text) for __use_two_region_memory
    startup_stm32h723xx.o(.text) refers to system_stm32h7xx.o(i.ExitRun0Mode) for ExitRun0Mode
    startup_stm32h723xx.o(.text) refers to system_stm32h7xx.o(i.SystemInit) for SystemInit
    startup_stm32h723xx.o(.text) refers to __main.o(!!!main) for __main
    startup_stm32h723xx.o(.text) refers to startup_stm32h723xx.o(HEAP) for Heap_Mem
    startup_stm32h723xx.o(.text) refers to startup_stm32h723xx.o(STACK) for Stack_Mem
    main.o(i.HAL_TIM_PeriodElapsedCallback) refers to stm32h7xx_hal.o(i.HAL_IncTick) for HAL_IncTick
    main.o(i.SystemClock_Config) refers to rt_memclr_w.o(.text) for __aeabi_memclr4
    main.o(i.SystemClock_Config) refers to stm32h7xx_hal_pwr_ex.o(i.HAL_PWREx_ConfigSupply) for HAL_PWREx_ConfigSupply
    main.o(i.SystemClock_Config) refers to stm32h7xx_hal_rcc.o(i.HAL_RCC_OscConfig) for HAL_RCC_OscConfig
    main.o(i.SystemClock_Config) refers to stm32h7xx_hal_rcc.o(i.HAL_RCC_ClockConfig) for HAL_RCC_ClockConfig
    main.o(i.main) refers to stm32h7xx_hal.o(i.HAL_Init) for HAL_Init
    main.o(i.main) refers to main.o(i.SystemClock_Config) for SystemClock_Config
    main.o(i.main) refers to gpio.o(i.MX_GPIO_Init) for MX_GPIO_Init
    main.o(i.main) refers to cordic.o(i.MX_CORDIC_Init) for MX_CORDIC_Init
    main.o(i.main) refers to fdcan.o(i.MX_FDCAN1_Init) for MX_FDCAN1_Init
    main.o(i.main) refers to cmsis_os2.o(i.osKernelInitialize) for osKernelInitialize
    main.o(i.main) refers to freertos.o(i.MX_FREERTOS_Init) for MX_FREERTOS_Init
    main.o(i.main) refers to can_drive.o(i.FDCAN_Init) for FDCAN_Init
    main.o(i.main) refers to dm_can.o(i.DM_Motor_Enable) for DM_Motor_Enable
    main.o(i.main) refers to dm_can.o(i.DM_Motor_Simple_Run) for DM_Motor_Simple_Run
    main.o(i.main) refers to fdcan.o(.bss) for hfdcan1
    freertos.o(i.MX_FREERTOS_Init) refers to cmsis_os2.o(i.osThreadNew) for osThreadNew
    freertos.o(i.MX_FREERTOS_Init) refers to freertos.o(.constdata) for .constdata
    freertos.o(i.MX_FREERTOS_Init) refers to freertos.o(i.StartDefaultTask) for StartDefaultTask
    freertos.o(i.MX_FREERTOS_Init) refers to freertos.o(.data) for .data
    freertos.o(i.StartDefaultTask) refers to cmsis_os2.o(i.osDelay) for osDelay
    freertos.o(.constdata) refers to freertos.o(.conststring) for .conststring
    cordic.o(i.MX_CORDIC_Init) refers to stm32h7xx_hal_cordic.o(i.HAL_CORDIC_Init) for HAL_CORDIC_Init
    cordic.o(i.MX_CORDIC_Init) refers to main.o(i.Error_Handler) for Error_Handler
    cordic.o(i.MX_CORDIC_Init) refers to cordic.o(.bss) for .bss
    fdcan.o(i.HAL_FDCAN_MspDeInit) refers to stm32h7xx_hal_gpio.o(i.HAL_GPIO_DeInit) for HAL_GPIO_DeInit
    fdcan.o(i.HAL_FDCAN_MspDeInit) refers to stm32h7xx_hal_cortex.o(i.HAL_NVIC_DisableIRQ) for HAL_NVIC_DisableIRQ
    fdcan.o(i.HAL_FDCAN_MspInit) refers to rt_memclr_w.o(.text) for __aeabi_memclr4
    fdcan.o(i.HAL_FDCAN_MspInit) refers to stm32h7xx_hal_rcc_ex.o(i.HAL_RCCEx_PeriphCLKConfig) for HAL_RCCEx_PeriphCLKConfig
    fdcan.o(i.HAL_FDCAN_MspInit) refers to main.o(i.Error_Handler) for Error_Handler
    fdcan.o(i.HAL_FDCAN_MspInit) refers to stm32h7xx_hal_gpio.o(i.HAL_GPIO_Init) for HAL_GPIO_Init
    fdcan.o(i.HAL_FDCAN_MspInit) refers to stm32h7xx_hal_cortex.o(i.HAL_NVIC_SetPriority) for HAL_NVIC_SetPriority
[...]
    .ARM.Collect$$libinit$$00000017          0x08000346   Section        0  libinit2.o(.ARM.Collect$$libinit$$00000017)
    .ARM.Collect$$libinit$$00000019          0x08000346   Section        0  libinit2.o(.ARM.Collect$$libinit$$00000019)
    .ARM.Collect$$libinit$$0000001B          0x08000346   Section        0  libinit2.o(.ARM.Collect$$libinit$$0000001B)
    .ARM.Collect$$libinit$$0000001D          0x08000346   Section        0  libinit2.o(.ARM.Collect$$libinit$$0000001D)
    .ARM.Collect$$libinit$$0000001F          0x08000346   Section        0  libinit2.o(.ARM.Collect$$libinit$$0000001F)
    .ARM.Collect$$libinit$$00000021          0x08000346   Section        0  libinit2.o(.ARM.Collect$$libinit$$00000021)
    .ARM.Collect$$libinit$$00000023          0x08000346   Section        0  libinit2.o(.ARM.Collect$$libinit$$00000023)
    .ARM.Collect$$libinit$$00000025          0x08000346   Section        0  libinit2.o(.ARM.Collect$$libinit$$00000025)
    .ARM.Collect$$libinit$$0000002C          0x08000346   Section        0  libinit2.o(.ARM.Collect$$libinit$$0000002C)
    .ARM.Collect$$libinit$$0000002E          0x08000346   Section        0  libinit2.o(.ARM.Collect$$libinit$$0000002E)
    .ARM.Collect$$libinit$$00000030          0x08000346   Section        0  libinit2.o(.ARM.Collect$$libinit$$00000030)
    .ARM.Collect$$libinit$$00000032          0x08000346   Section        0  libinit2.o(.ARM.Collect$$libinit$$00000032)
    .ARM.Collect$$libinit$$00000033          0x08000346   Section        2  libinit2.o(.ARM.Collect$$libinit$$00000033)
    .ARM.Collect$$libshutdown$$00000000      0x08000348   Section        2  libshutdown.o(.ARM.Collect$$libshutdown$$00000000)
    .ARM.Collect$$libshutdown$$00000003      0x0800034a   Section        0  libshutdown2.o(.ARM.Collect$$libshutdown$$00000003)
    .ARM.Collect$$libshutdown$$00000006      0x0800034a   Section        0  libshutdown2.o(.ARM.Collect$$libshutdown$$00000006)
    .ARM.Collect$$libshutdown$$00000009      0x0800034a   Section        0  libshutdown2.o(.ARM.Collect$$libshutdown$$00000009)
    .ARM.Collect$$libshutdown$$0000000B      0x0800034a   Section        0  libshutdown2.o(.ARM.Collect$$libshutdown$$0000000B)
    .ARM.Collect$$libshutdown$$0000000E      0x0800034a   Section        0  libshutdown2.o(.ARM.Collect$$libshutdown$$0000000E)
    .ARM.Collect$$libshutdown$$0000000F      0x0800034a   Section        2  libshutdown2.o(.ARM.Collect$$libshutdown$$0000000F)
    .ARM.Collect$$rtentry$$00000000          0x0800034c   Section        0  __rtentry.o(.ARM.Collect$$rtentry$$00000000)
    .ARM.Collect$$rtentry$$00000002          0x0800034c   Section        0  __rtentry2.o(.ARM.Collect$$rtentry$$00000002)
    .ARM.Collect$$rtentry$$00000004          0x0800034c   Section        6  __rtentry4.o(.ARM.Collect$$rtentry$$00000004)
    .ARM.Collect$$rtentry$$00000009          0x08000352   Section        0  __rtentry2.o(.ARM.Collect$$rtentry$$00000009)
    .ARM.Collect$$rtentry$$0000000A          0x08000352   Section        4  __rtentry2.o(.ARM.Collect$$rtentry$$0000000A)
    .ARM.Collect$$rtentry$$0000000C          0x08000356   Section        0  __rtentry2.o(.ARM.Collect$$rtentry$$0000000C)
    .ARM.Collect$$rtentry$$0000000D          0x08000356   Section        8  __rtentry2.o(.ARM.Collect$$rtentry$$0000000D)
    .ARM.Collect$$rtexit$$00000000           0x0800035e   Section        2  rtexit.o(.ARM.Collect$$rtexit$$00000000)
    .ARM.Collect$$rtexit$$00000002           0x08000360   Section        0  rtexit2.o(.ARM.Collect$$rtexit$$00000002)
    .ARM.Collect$$rtexit$$00000003           0x08000360   Section        4  rtexit2.o(.ARM.Collect$$rtexit$$00000003)
    .ARM.Collect$$rtexit$$00000004           0x08000364   Section        6  rtexit2.o(.ARM.Collect$$rtexit$$00000004)
    .emb_text                                0x0800036c   Section      190  port.o(.emb_text)
    $v0                                      0x0800036c   Number         0  port.o(.emb_text)
    .text                                    0x0800042c   Section       72  startup_stm32h723xx.o(.text)
    $v0                                      0x0800042c   Number         0  startup_stm32h723xx.o(.text)
    .text                                    0x08000474   Section      100  rt_memcpy_w.o(.text)
    .text                                    0x080004d8   Section       16  aeabi_memset.o(.text)
    .text                                    0x080004e8   Section       78  rt_memclr_w.o(.text)
    .text                                    0x08000536   Section        0  heapauxi.o(.text)
    .text                                    0x0800053c   Section       68  rt_memclr.o(.text)
    .text                                    0x08000580   Section       74  sys_stackheap_outer.o(.text)
    .text                                    0x080005ca   Section        0  exit.o(.text)
    .text                                    0x080005d8   Section        8  libspace.o(.text)
    .text                                    0x080005e0   Section        0  sys_exit.o(.text)
    .text                                    0x080005ec   Section        2  use_no_semi.o(.text)
    .text                                    0x080005ee   Section        0  indicate_semi.o(.text)
    i.BusFault_Handler                       0x080005ee   Section        0  stm32h7xx_it.o(i.BusFault_Handler)
    i.DM_Motor_Enable                        0x080005f0   Section        0  dm_can.o(i.DM_Motor_Enable)
    i.DM_Motor_Simple_Run                    0x0800061e   Section        0  dm_can.o(i.DM_Motor_Simple_Run)
    i.DebugMon_Handler                       0x08000630   Section        0  stm32h7xx_it.o(i.DebugMon_Handler)
    i.Error_Handler                          0x08000632   Section        0  main.o(i.Error_Handler)
    i.ExitRun0Mode                           0x08000638   Section        0  system_stm32h7xx.o(i.ExitRun0Mode)
    i.FDCAN1_IT0_IRQHandler                  0x08000654   Section        0  stm32h7xx_it.o(i.FDCAN1_IT0_IRQHandler)
    i.FDCAN_CalcultateRamBlockAddresses      0x08000660   Section        0  stm32h7xx_hal_fdcan.o(i.FDCAN_CalcultateRamBlockAddresses)
    FDCAN_CalcultateRamBlockAddresses        0x08000661   Thumb Code   440  stm32h7xx_hal_fdcan.o(i.FDCAN_CalcultateRamBlockAddresses)
    i.FDCAN_CopyMessageToRAM                 0x08000820   Section        0  stm32h7xx_hal_fdcan.o(i.FDCAN_CopyMessageToRAM)
    FDCAN_CopyMessageToRAM                   0x08000821   Thumb Code    98  stm32h7xx_hal_fdcan.o(i.FDCAN_CopyMessageToRAM)
    i.FDCAN_Filter_Config                    0x08000888   Section        0  can_drive.o(i.FDCAN_Filter_Config)
    i.FDCAN_Init                             0x080008b4   Section        0  can_drive.o(i.FDCAN_Init)
    i.FDCAN_Send_Msg                         0x080008f2   Section        0  can_drive.o(i.FDCAN_Send_Msg)
    i.FDCAN_TxHeader_Init                    0x0800091e   Section        0  can_drive.o(i.FDCAN_TxHeader_Init)
    i.HAL_CORDIC_Init                        0x0800093a   Section        0  stm32h7xx_hal_cordic.o(i.HAL_CORDIC_Init)
    i.HAL_CORDIC_MspInit                     0x08000970   Section        0  cordic.o(i.HAL_CORDIC_MspInit)
    i.HAL_FDCAN_AddMessageToTxFifoQ          0x08000998   Section        0  stm32h7xx_hal_fdcan.o(i.HAL_FDCAN_AddMessageToTxFifoQ)
    i.HAL_FDCAN_ClockCalibrationCallback     0x080009fe   Section        0  stm32h7xx_hal_fdcan.o(i.HAL_FDCAN_ClockCalibrationCallback)
    i.HAL_FDCAN_ConfigFilter                 0x08000a00   Section        0  stm32h7xx_hal_fdcan.o(i.HAL_FDCAN_ConfigFilter)
    i.HAL_FDCAN_ConfigGlobalFilter           0x08000a7e   Section        0  stm32h7xx_hal_fdcan.o(i.HAL_FDCAN_ConfigGlobalFilter)
    i.HAL_FDCAN_ErrorCallback                0x08000ab0   Section        0  stm32h7xx_hal_fdcan.o(i.HAL_FDCAN_ErrorCallback)
    i.HAL_FDCAN_ErrorStatusCallback          0x08000ab2   Section        0  stm32h7xx_hal_fdcan.o(i.HAL_FDCAN_ErrorStatusCallback)
    i.HAL_FDCAN_HighPriorityMessageCallback  0x08000ab4   Section        0  stm32h7xx_hal_fdcan.o(i.HAL_FDCAN_HighPriorityMessageCallback)
    i.HAL_FDCAN_IRQHandler                   0x08000ab8   Section        0  stm32h7xx_hal_fdcan.o(i.HAL_FDCAN_IRQHandler)
    i.HAL_FDCAN_Init                         0x08000d98   Section        0  stm32h7xx_hal_fdcan.o(i.HAL_FDCAN_Init)
    i.HAL_FDCAN_MspInit                      0x08000fdc   Section        0  fdcan.o(i.HAL_FDCAN_MspInit)
    i.HAL_FDCAN_RxBufferNewMessageCallback   0x08001088   Section        0  stm32h7xx_hal_fdcan.o(i.HAL_FDCAN_RxBufferNewMessageCallback)
    i.HAL_FDCAN_RxFifo0Callback              0x0800108a   Section        0  stm32h7xx_hal_fdcan.o(i.HAL_FDCAN_RxFifo0Callback)
    i.HAL_FDCAN_RxFifo1Callback              0x0800108c   Section        0  stm32h7xx_hal_fdcan.o(i.HAL_FDCAN_RxFifo1Callback)
    i.HAL_FDCAN_Start                        0x0800108e   Section        0  stm32h7xx_hal_fdcan.o(i.HAL_FDCAN_Start)
    i.HAL_FDCAN_Stop                         0x080010c0   Section        0  stm32h7xx_hal_fdcan.o(i.HAL_FDCAN_Stop)
    i.HAL_FDCAN_TT_GlobalTimeCallback        0x0800113c   Section        0  stm32h7xx_hal_fdcan.o(i.HAL_FDCAN_TT_GlobalTimeCallback)
    i.HAL_FDCAN_TT_ScheduleSyncCallback      0x0800113e   Section        0  stm32h7xx_hal_fdcan.o(i.HAL_FDCAN_TT_ScheduleSyncCallback)
    i.HAL_FDCAN_TT_StopWatchCallback         0x08001140   Section        0  stm32h7xx_hal_fdcan.o(i.HAL_FDCAN_TT_StopWatchCallback)
    i.HAL_FDCAN_TT_TimeMarkCallback          0x08001142   Section        0  stm32h7xx_hal_fdcan.o(i.HAL_FDCAN_TT_TimeMarkCallback)
    i.HAL_FDCAN_TimeoutOccurredCallback      0x08001144   Section        0  stm32h7xx_hal_fdcan.o(i.HAL_FDCAN_TimeoutOccurredCallback)
    i.HAL_FDCAN_TimestampWraparoundCallback  0x08001146   Section        0  stm32h7xx_hal_fdcan.o(i.HAL_FDCAN_TimestampWraparoundCallback)
    i.HAL_FDCAN_TxBufferAbortCallback        0x08001148   Section        0  stm32h7xx_hal_fdcan.o(i.HAL_FDCAN_TxBufferAbortCallback)
    i.HAL_FDCAN_TxBufferCompleteCallback     0x0800114a   Section        0  stm32h7xx_hal_fdcan.o(i.HAL_FDCAN_TxBufferCompleteCallback)
    i.HAL_FDCAN_TxEventFifoCallback          0x0800114c   Section        0  stm32h7xx_hal_fdcan.o(i.HAL_FDCAN_TxEventFifoCallback)
    i.HAL_FDCAN_TxFifoEmptyCallback          0x0800114e   Section        0  stm32h7xx_hal_fdcan.o(i.HAL_FDCAN_TxFifoEmptyCallback)
    i.HAL_GPIO_Init                          0x08001150   Section        0  stm32h7xx_hal_gpio.o(i.HAL_GPIO_Init)
    i.HAL_GetTick                            0x0800131c   Section        0  stm32h7xx_hal.o(i.HAL_GetTick)
    i.HAL_IncTick                            0x08001328   Section        0  stm32h7xx_hal.o(i.HAL_IncTick)
    i.HAL_Init                               0x08001338   Section        0  stm32h7xx_hal.o(i.HAL_Init)
    i.HAL_InitTick                           0x08001394   Section        0  stm32h7xx_hal_timebase_tim.o(i.HAL_InitTick)
    i.HAL_MspInit                            0x08001420   Section        0  stm32h7xx_hal_msp.o(i.HAL_MspInit)
    i.HAL_NVIC_EnableIRQ                     0x08001444   Section        0  stm32h7xx_hal_cortex.o(i.HAL_NVIC_EnableIRQ)
    i.HAL_NVIC_SetPriority                   0x08001460   Section        0  stm32h7xx_hal_cortex.o(i.HAL_NVIC_SetPriority)
    i.HAL_NVIC_SetPriorityGrouping           0x080014a0   Section        0  stm32h7xx_hal_cortex.o(i.HAL_NVIC_SetPriorityGrouping)
    i.HAL_PWREx_ConfigSupply                 0x080014c4   Section        0  stm32h7xx_hal_pwr_ex.o(i.HAL_PWREx_ConfigSupply)
    i.HAL_RCCEx_PeriphCLKConfig              0x08001514   Section        0  stm32h7xx_hal_rcc_ex.o(i.HAL_RCCEx_PeriphCLKConfig)
    i.HAL_RCC_ClockConfig                    0x08001e50   Section        0  stm32h7xx_hal_rcc.o(i.HAL_RCC_ClockConfig)
    i.HAL_RCC_GetClockConfig                 0x080020c0   Section        0  stm32h7xx_hal_rcc.o(i.HAL_RCC_GetClockConfig)
    i.HAL_RCC_GetHCLKFreq                    0x08002120   Section        0  stm32h7xx_hal_rcc.o(i.HAL_RCC_GetHCLKFreq)
    i.HAL_RCC_GetPCLK1Freq                   0x08002164   Section        0  stm32h7xx_hal_rcc.o(i.HAL_RCC_GetPCLK1Freq)
    i.HAL_RCC_GetSysClockFreq                0x08002188   Section        0  stm32h7xx_hal_rcc.o(i.HAL_RCC_GetSysClockFreq)
    i.HAL_RCC_OscConfig                      0x080022b8   Section        0  stm32h7xx_hal_rcc.o(i.HAL_RCC_OscConfig)
    i.HAL_TIMEx_Break2Callback               0x080027d4   Section        0  stm32h7xx_hal_tim_ex.o(i.HAL_TIMEx_Break2Callback)
    i.HAL_TIMEx_BreakCallback                0x080027d6   Section        0  stm32h7xx_hal_tim_ex.o(i.HAL_TIMEx_BreakCallback)
    i.HAL_TIMEx_CommutCallback               0x080027d8   Section        0  stm32h7xx_hal_tim_ex.o(i.HAL_TIMEx_CommutCallback)
    i.HAL_TIM_Base_Init                      0x080027da   Section        0  stm32h7xx_hal_tim.o(i.HAL_TIM_Base_Init)
    i.HAL_TIM_Base_MspInit                   0x0800283c   Section        0  stm32h7xx_hal_tim.o(i.HAL_TIM_Base_MspInit)
    i.HAL_TIM_Base_Start_IT                  0x08002840   Section        0  stm32h7xx_hal_tim.o(i.HAL_TIM_Base_Start_IT)
    i.HAL_TIM_IC_CaptureCallback             0x080028e0   Section        0  stm32h7xx_hal_tim.o(i.HAL_TIM_IC_CaptureCallback)
    i.HAL_TIM_IRQHandler                     0x080028e2   Section        0  stm32h7xx_hal_tim.o(i.HAL_TIM_IRQHandler)
    i.HAL_TIM_OC_DelayElapsedCallback        0x08002a2c   Section        0  stm32h7xx_hal_tim.o(i.HAL_TIM_OC_DelayElapsedCallback)
    i.HAL_TIM_PWM_PulseFinishedCallback      0x08002a2e   Section        0  stm32h7xx_hal_tim.o(i.HAL_TIM_PWM_PulseFinishedCallback)
    i.HAL_TIM_PeriodElapsedCallback          0x08002a30   Section        0  main.o(i.HAL_TIM_PeriodElapsedCallback)
    i.HAL_TIM_TriggerCallback                0x08002a3e   Section        0  stm32h7xx_hal_tim.o(i.HAL_TIM_TriggerCallback)
    i.HardFault_Handler                      0x08002a40   Section        0  stm32h7xx_it.o(i.HardFault_Handler)
    i.MX_CORDIC_Init                         0x08002a44   Section        0  cordic.o(i.MX_CORDIC_Init)
    i.MX_FDCAN1_Init                         0x08002a68   Section        0  fdcan.o(i.MX_FDCAN1_Init)
    i.MX_FREERTOS_Init                       0x08002ad0   Section        0  freertos.o(i.MX_FREERTOS_Init)
    i.MX_GPIO_Init                           0x08002af0   Section        0  gpio.o(i.MX_GPIO_Init)
    i.MemManage_Handler                      0x08002b2c   Section        0  stm32h7xx_it.o(i.MemManage_Handler)
    i.NMI_Handler                            0x08002b2e   Section        0  stm32h7xx_it.o(i.NMI_Handler)
    i.RCCEx_PLL2_Config                      0x08002b30   Section        0  stm32h7xx_hal_rcc_ex.o(i.RCCEx_PLL2_Config)
    RCCEx_PLL2_Config                        0x08002b31   Thumb Code   270  stm32h7xx_hal_rcc_ex.o(i.RCCEx_PLL2_Config)
    i.RCCEx_PLL3_Config                      0x08002c44   Section        0  stm32h7xx_hal_rcc_ex.o(i.RCCEx_PLL3_Config)
    RCCEx_PLL3_Config                        0x08002c45   Thumb Code   270  stm32h7xx_hal_rcc_ex.o(i.RCCEx_PLL3_Config)
    i.StartDefaultTask                       0x08002d58   Section        0  freertos.o(i.StartDefaultTask)
    i.SysTick_Handler                        0x08002d60   Section        0  cmsis_os2.o(i.SysTick_Handler)
    i.SystemClock_Config                     0x08002d7c   Section        0  main.o(i.SystemClock_Config)
    i.SystemInit                             0x08002e14   Section        0  system_stm32h7xx.o(i.SystemInit)
    i.TIM2_IRQHandler                        0x08002eec   Section        0  stm32h7xx_it.o(i.TIM2_IRQHandler)
    i.TIM_Base_SetConfig                     0x08002ef8   Section        0  stm32h7xx_hal_tim.o(i.TIM_Base_SetConfig)
    i.UsageFault_Handler                     0x08002fd4   Section        0  stm32h7xx_it.o(i.UsageFault_Handler)
    i.__NVIC_SetPriority                     0x08002fd6   Section        0  stm32h7xx_hal_cortex.o(i.__NVIC_SetPriority)
    __NVIC_SetPriority                       0x08002fd7   Thumb Code    32  stm32h7xx_hal_cortex.o(i.__NVIC_SetPriority)
    i.main                                   0x08002ff8   Section        0  main.o(i.main)
    i.osDelay                                0x08003080   Section        0  cmsis_os2.o(i.osDelay)
    i.osKernelInitialize                     0x0800309c   Section        0  cmsis_os2.o(i.osKernelInitialize)
    i.osThreadNew                            0x080030c0   Section        0  cmsis_os2.o(i.osThreadNew)
    i.prvAddCurrentTaskToDelayedList         0x08003148   Section        0  tasks.o(i.prvAddCurrentTaskToDelayedList)
    prvAddCurrentTaskToDelayedList           0x08003149   Thumb Code    84  tasks.o(i.prvAddCurrentTaskToDelayedList)
    i.prvAddNewTaskToReadyList               0x080031a4   Section        0  tasks.o(i.prvAddNewTaskToReadyList)
    prvAddNewTaskToReadyList                 0x080031a5   Thumb Code   190  tasks.o(i.prvAddNewTaskToReadyList)
    i.prvHeapInit                            0x08003274   Section        0  heap_4.o(i.prvHeapInit)
    prvHeapInit                              0x08003275   Thumb Code    66  heap_4.o(i.prvHeapInit)
    i.prvInitialiseNewTask                   0x080032c0   Section        0  tasks.o(i.prvInitialiseNewTask)
    prvInitialiseNewTask                     0x080032c1   Thumb Code   170  tasks.o(i.prvInitialiseNewTask)
    i.prvInsertBlockIntoFreeList             0x0800336c   Section        0  heap_4.o(i.prvInsertBlockIntoFreeList)
    prvInsertBlockIntoFreeList               0x0800336d   Thumb Code    72  heap_4.o(i.prvInsertBlockIntoFreeList)
    i.prvResetNextTaskUnblockTime            0x080033b8   Section        0  tasks.o(i.prvResetNextTaskUnblockTime)
    prvResetNextTaskUnblockTime              0x080033b9   Thumb Code    26  tasks.o(i.prvResetNextTaskUnblockTime)
    i.prvTaskExitError                       0x080033d8   Section        0  port.o(i.prvTaskExitError)
    prvTaskExitError                         0x080033d9   Thumb Code    36  port.o(i.prvTaskExitError)
    i.pvPortMalloc                           0x08003400   Section        0  heap_4.o(i.pvPortMalloc)
    i.pxPortInitialiseStack                  0x080034dc   Section        0  port.o(i.pxPortInitialiseStack)
    i.uxListRemove                           0x08003508   Section        0  list.o(i.uxListRemove)
    i.vListInitialise                        0x0800352e   Section        0  list.o(i.vListInitialise)
    i.vListInitialiseItem                    0x08003544   Section        0  list.o(i.vListInitialiseItem)
    i.vListInsert                            0x0800354a   Section        0  list.o(i.vListInsert)
    i.vListInsertEnd                         0x0800357a   Section        0  list.o(i.vListInsertEnd)
    i.vPortEnterCritical                     0x08003594   Section        0  port.o(i.vPortEnterCritical)
    i.vPortExitCritical                      0x080035d4   Section        0  port.o(i.vPortExitCritical)
    i.vPortFree                              0x080035fc   Section        0  heap_4.o(i.vPortFree)
    i.vTaskDelay                             0x08003660   Section        0  tasks.o(i.vTaskDelay)
    i.vTaskSuspendAll                        0x080036ac   Section        0  tasks.o(i.vTaskSuspendAll)
    i.vTaskSwitchContext                     0x080036bc   Section        0  tasks.o(i.vTaskSwitchContext)
    i.xPortSysTickHandler                    0x08003720   Section        0  port.o(i.xPortSysTickHandler)
    i.xTaskCreate                            0x0800374c   Section        0  tasks.o(i.xTaskCreate)
    i.xTaskCreateStatic                      0x080037a6   Section        0  tasks.o(i.xTaskCreateStatic)
    i.xTaskGetSchedulerState                 0x08003800   Section        0  tasks.o(i.xTaskGetSchedulerState)
    i.xTaskIncrementTick                     0x0800381c   Section        0  tasks.o(i.xTaskIncrementTick)
    i.xTaskResumeAll                         0x080038e4   Section        0  tasks.o(i.xTaskResumeAll)
    x$fpl$fpinit                             0x080039a4   Section       10  fpinit.o(x$fpl$fpinit)
    $v0                                      0x080039a4   Number         0  fpinit.o(x$fpl$fpinit)
    .constdata                               0x080039b0   Section       36  freertos.o(.constdata)
    .constdata                               0x080039d4   Section       92  stm32h7xx_hal_fdcan.o(.constdata)
    DLCtoBytes                               0x080039d4   Data          16  stm32h7xx_hal_fdcan.o(.constdata)
    .constdata                               0x08003a30   Section       16  system_stm32h7xx.o(.constdata)
    .conststring                             0x08003a40   Section       12  freertos.o(.conststring)
    .data                                    0x24000000   Section        4  freertos.o(.data)
    .data                                    0x24000004   Section       12  stm32h7xx_hal.o(.data)
    .data                                    0x24000010   Section        8  system_stm32h7xx.o(.data)
    .data                                    0x24000018   Section       60  tasks.o(.data)
    uxDeletedTasksWaitingCleanUp             0x2400001c   Data           4  tasks.o(.data)
    uxCurrentNumberOfTasks                   0x24000020   Data           4  tasks.o(.data)
    xTickCount                               0x24000024   Data           4  tasks.o(.data)
    uxTopReadyPriority                       0x24000028   Data           4  tasks.o(.data)
    xSchedulerRunning                        0x2400002c   Data           4  tasks.o(.data)
    xPendedTicks                             0x24000030   Data           4  tasks.o(.data)
    xYieldPending                            0x24000034   Data           4  tasks.o(.data)
    xNumOfOverflows                          0x24000038   Data           4  tasks.o(.data)
    uxTaskNumber                             0x2400003c   Data           4  tasks.o(.data)
    xNextTaskUnblockTime                     0x24000040   Data           4  tasks.o(.data)
    xIdleTaskHandle                          0x24000044   Data           4  tasks.o(.data)
    uxSchedulerSuspended                     0x24000048   Data           4  tasks.o(.data)
    pxDelayedTaskList                        0x2400004c   Data           4  tasks.o(.data)
    pxOverflowDelayedTaskList                0x24000050   Data           4  tasks.o(.data)
    .data                                    0x24000054   Section        4  cmsis_os2.o(.data)
    KernelState                              0x24000054   Data           4  cmsis_os2.o(.data)
    .data                                    0x24000058   Section       32  heap_4.o(.data)
    pxEnd                                    0x24000058   Data           4  heap_4.o(.data)
    xFreeBytesRemaining                      0x2400005c   Data           4  heap_4.o(.data)
    xMinimumEverFreeBytesRemaining           0x24000060   Data           4  heap_4.o(.data)
    xNumberOfSuccessfulAllocations           0x24000064   Data           4  heap_4.o(.data)
    xNumberOfSuccessfulFrees                 0x24000068   Data           4  heap_4.o(.data)
    xBlockAllocatedBit                       0x2400006c   Data           4  heap_4.o(.data)
    xStart                                   0x24000070   Data           8  heap_4.o(.data)
    .data                                    0x24000078   Section       12  port.o(.data)
    ucMaxSysCallPriority                     0x24000078   Data           1  port.o(.data)
    uxCriticalNesting                        0x2400007c   Data           4  port.o(.data)
    ulMaxPRIGROUPValue                       0x24000080   Data           4  port.o(.data)
    .bss                                     0x24000084   Section       40  cordic.o(.bss)
    .bss                                     0x240000ac   Section      160  fdcan.o(.bss)
    .bss                                     0x2400014c   Section       76  stm32h7xx_hal_timebase_tim.o(.bss)
    .bss                                     0x24000198   Section     1220  tasks.o(.bss)
    pxReadyTasksLists                        0x24000198   Data        1120  tasks.o(.bss)
    xDelayedTaskList1                        0x240005f8   Data          20  tasks.o(.bss)
    xDelayedTaskList2                        0x2400060c   Data          20  tasks.o(.bss)
    xPendingReadyList                        0x24000620   Data          20  tasks.o(.bss)
    xTasksWaitingTermination                 0x24000634   Data          20  tasks.o(.bss)
    xSuspendedTaskList                       0x24000648   Data          20  tasks.o(.bss)
    .bss                                     0x2400065c   Section    15360  heap_4.o(.bss)
    ucHeap                                   0x2400065c   Data       15360  heap_4.o(.bss)
    .bss                                     0x2400425c   Section       96  libspace.o(.bss)
    HEAP                                     0x240042c0   Section      512  startup_stm32h723xx.o(HEAP)
    Heap_Mem                                 0x240042c0   Data         512  startup_stm32h723xx.o(HEAP)
    STACK                                    0x240044c0   Section     1024  startup_stm32h723xx.o(STACK)
    Stack_Mem                                0x240044c0   Data        1024  startup_stm32h723xx.o(STACK)
    __initial_sp                             0x240048c0   Data           0  startup_stm32h723xx.o(STACK)

    Global Symbols

    Symbol Name                              Value     Ov Type        Size  Object(Section)

    BuildAttributes$$THM_ISAv4$E$P$D$K$B$S$7EM$VFPv5_D16$PE$PLD8$A:L22UL41UL21$X:L11$S22US41US21$IEEE1$IW$USESV6$~STKCKD$USESV7$~SHL$OSPACE$ROPI$EBA8$UX$STANDARDLIB$REQ8$PRES8$EABIv2 0x00000000   Number         0  anon$$obj.o ABSOLUTE
    __ARM_use_no_argv                        0x00000000   Number         0  main.o ABSOLUTE
    __ARM_exceptions_init                     - Undefined Weak Reference
    __alloca_initialize                       - Undefined Weak Reference
    __arm_preinit_                            - Undefined Weak Reference
    __cpp_initialize__aeabi_                  - Undefined Weak Reference
    __cxa_finalize                            - Undefined Weak Reference
    __rt_locale                               - Undefined Weak Reference
    __sigvec_lookup                           - Undefined Weak Reference
    _atexit_init                              - Undefined Weak Reference
    _call_atexit_fns                          - Undefined Weak Reference
    _clock_init                               - Undefined Weak Reference
    _fp_trap_init                             - Undefined Weak Reference
    _fp_trap_shutdown                         - Undefined Weak Reference
    _get_lc_collate                           - Undefined Weak Reference
    _get_lc_ctype                             - Undefined Weak Reference
    _get_lc_monetary                          - Undefined Weak Reference
    _get_lc_numeric                           - Undefined Weak Reference
    _get_lc_time                              - Undefined Weak Reference
    _getenv_init                              - Undefined Weak Reference
    _handle_redirection                       - Undefined Weak Reference
    _init_alloc                               - Undefined Weak Reference
    _init_user_alloc                          - Undefined Weak Reference
    _initio                                   - Undefined Weak Reference
    _rand_init                                - Undefined Weak Reference
    _signal_finish                            - Undefined Weak Reference
    _signal_init                              - Undefined Weak Reference
    _terminate_alloc                          - Undefined Weak Reference
    _terminate_user_alloc                     - Undefined Weak Reference
    _terminateio                              - Undefined Weak Reference
    __Vectors_Size                           0x000002cc   Number         0  startup_stm32h723xx.o ABSOLUTE
    __Vectors                                0x08000000   Data           4  startup_stm32h723xx.o(RESET)
    __Vectors_End                            0x080002cc   Data           0  startup_stm32h723xx.o(RESET)
    __main                                   0x080002cd   Thumb Code     8  __main.o(!!!main)
    __scatterload                            0x080002d5   Thumb Code     0  __scatter.o(!!!scatter)
    __scatterload_rt2                        0x080002d5   Thumb Code    44  __scatter.o(!!!scatter)
    __scatterload_rt2_thumb_only             0x080002d5   Thumb Code     0  __scatter.o(!!!scatter)
    __scatterload_null                       0x080002e3   Thumb Code     0  __scatter.o(!!!scatter)
    __scatterload_copy                       0x08000309   Thumb Code    26  __scatter_copy.o(!!handler_copy)
    __scatterload_zeroinit                   0x08000325   Thumb Code    28  __scatter_zi.o(!!handler_zi)
    __rt_lib_init                            0x08000341   Thumb Code     0  libinit.o(.ARM.Collect$$libinit$$00000000)
    __rt_lib_init_fp_1                       0x08000343   Thumb Code     0  libinit2.o(.ARM.Collect$$libinit$$00000001)
    __rt_lib_init_alloca_1                   0x08000347   Thumb Code     0  libinit2.o(.ARM.Collect$$libinit$$0000002E)
    __rt_lib_init_argv_1                     0x08000347   Thumb Code     0  libinit2.o(.ARM.Collect$$libinit$$0000002C)
    __rt_lib_init_atexit_1                   0x08000347   Thumb Code     0  libinit2.o(.ARM.Collect$$libinit$$0000001B)
    __rt_lib_init_clock_1                    0x08000347   Thumb Code     0  libinit2.o(.ARM.Collect$$libinit$$00000021)
    __rt_lib_init_cpp_1                      0x08000347   Thumb Code     0  libinit2.o(.ARM.Collect$$libinit$$00000032)
    __rt_lib_init_exceptions_1               0x08000347   Thumb Code     0  libinit2.o(.ARM.Collect$$libinit$$00000030)
    __rt_lib_init_fp_trap_1                  0x08000347   Thumb Code     0  libinit2.o(.ARM.Collect$$libinit$$0000001F)
    __rt_lib_init_getenv_1                   0x08000347   Thumb Code     0  libinit2.o(.ARM.Collect$$libinit$$00000023)
    __rt_lib_init_heap_1                     0x08000347   Thumb Code     0  libinit2.o(.ARM.Collect$$libinit$$0000000A)
    __rt_lib_init_lc_collate_1               0x08000347   Thumb Code     0  libinit2.o(.ARM.Collect$$libinit$$00000011)
    __rt_lib_init_lc_ctype_1                 0x08000347   Thumb Code     0  libinit2.o(.ARM.Collect$$libinit$$00000013)
    __rt_lib_init_lc_monetary_1              0x08000347   Thumb Code     0  libinit2.o(.ARM.Collect$$libinit$$00000015)
    __rt_lib_init_lc_numeric_1               0x08000347   Thumb Code     0  libinit2.o(.ARM.Collect$$libinit$$00000017)
    __rt_lib_init_lc_time_1                  0x08000347   Thumb Code     0  libinit2.o(.ARM.Collect$$libinit$$00000019)
    __rt_lib_init_preinit_1                  0x08000347   Thumb Code     0  libinit2.o(.ARM.Collect$$libinit$$00000004)
    __rt_lib_init_rand_1                     0x08000347   Thumb Code     0  libinit2.o(.ARM.Collect$$libinit$$0000000E)
    __rt_lib_init_return                     0x08000347   Thumb Code     0  libinit2.o(.ARM.Collect$$libinit$$00000033)
    __rt_lib_init_signal_1                   0x08000347   Thumb Code     0  libinit2.o(.ARM.Collect$$libinit$$0000001D)
    __rt_lib_init_stdio_1                    0x08000347   Thumb Code     0  libinit2.o(.ARM.Collect$$libinit$$00000025)
    __rt_lib_init_user_alloc_1               0x08000347   Thumb Code     0  libinit2.o(.ARM.Collect$$libinit$$0000000C)
    __rt_lib_shutdown                        0x08000349   Thumb Code     0  libshutdown.o(.ARM.Collect$$libshutdown$$00000000)
    __rt_lib_shutdown_fp_trap_1              0x0800034b   Thumb Code     0  libshutdown2.o(.ARM.Collect$$libshutdown$$00000006)
    __rt_lib_shutdown_heap_1                 0x0800034b   Thumb Code     0  libshutdown2.o(.ARM.Collect$$libshutdown$$0000000E)
    __rt_lib_shutdown_return                 0x0800034b   Thumb Code     0  libshutdown2.o(.ARM.Collect$$libshutdown$$0000000F)
    __rt_lib_shutdown_signal_1               0x0800034b   Thumb Code     0  libshutdown2.o(.ARM.Collect$$libshutdown$$00000009)
    __rt_lib_shutdown_stdio_1                0x0800034b   Thumb Code     0  libshutdown2.o(.ARM.Collect$$libshutdown$$00000003)
    __rt_lib_shutdown_user_alloc_1           0x0800034b   Thumb Code     0  libshutdown2.o(.ARM.Collect$$libshutdown$$0000000B)
    __rt_entry                               0x0800034d   Thumb Code     0  __rtentry.o(.ARM.Collect$$rtentry$$00000000)
    __rt_entry_presh_1                       0x0800034d   Thumb Code     0  __rtentry2.o(.ARM.Collect$$rtentry$$00000002)
    __rt_entry_sh                            0x0800034d   Thumb Code     0  __rtentry4.o(.ARM.Collect$$rtentry$$00000004)
    __rt_entry_li                            0x08000353   Thumb Code     0  __rtentry2.o(.ARM.Collect$$rtentry$$0000000A)
    __rt_entry_postsh_1                      0x08000353   Thumb Code     0  __rtentry2.o(.ARM.Collect$$rtentry$$00000009)
    __rt_entry_main                          0x08000357   Thumb Code     0  __rtentry2.o(.ARM.Collect$$rtentry$$0000000D)
    __rt_entry_postli_1                      0x08000357   Thumb Code     0  __rtentry2.o(.ARM.Collect$$rtentry$$0000000C)
    __rt_exit                                0x0800035f   Thumb Code     0  rtexit.o(.ARM.Collect$$rtexit$$00000000)
    __rt_exit_ls                             0x08000361   Thumb Code     0  rtexit2.o(.ARM.Collect$$rtexit$$00000003)
    __rt_exit_prels_1                        0x08000361   Thumb Code     0  rtexit2.o(.ARM.Collect$$rtexit$$00000002)
    __rt_exit_exit                           0x08000365   Thumb Code     0  rtexit2.o(.ARM.Collect$$rtexit$$00000004)
    SVC_Handler                              0x0800036d   Thumb Code    28  port.o(.emb_text)
    __asm___6_port_c_39a90d8d__prvStartFirstTask 0x0800038d   Thumb Code    36  port.o(.emb_text)
    __asm___6_port_c_39a90d8d__prvEnableVFP  0x080003b5   Thumb Code    16  port.o(.emb_text)
    PendSV_Handler                           0x080003c9   Thumb Code    88  port.o(.emb_text)
    vPortGetIPSR                             0x08000425   Thumb Code     6  port.o(.emb_text)
    Reset_Handler                            0x0800042d   Thumb Code    12  startup_stm32h723xx.o(.text)
    ADC3_IRQHandler                          0x0800044b   Thumb Code     0  startup_stm32h723xx.o(.text)
    ADC_IRQHandler                           0x0800044b   Thumb Code     0  startup_stm32h723xx.o(.text)
    BDMA_Channel0_IRQHandler                 0x0800044b   Thumb Code     0  startup_stm32h723xx.o(.text)
    BDMA_Channel1_IRQHandler                 0x0800044b   Thumb Code     0  startup_stm32h723xx.o(.text)
    BDMA_Channel2_IRQHandler                 0x0800044b   Thumb Code     0  startup_stm32h723xx.o(.text)
    BDMA_Channel3_IRQHandler                 0x0800044b   Thumb Code     0  startup_stm32h723xx.o(.text)
    BDMA_Channel4_IRQHandler                 0x0800044b   Thumb Code     0  startup_stm32h723xx.o(.text)
    BDMA_Channel5_IRQHandler                 0x0800044b   Thumb Code     0  startup_stm32h723xx.o(.text)
    BDMA_Channel6_IRQHandler                 0x0800044b   Thumb Code     0  startup_stm32h723xx.o(.text)
    BDMA_Channel7_IRQHandler                 0x0800044b   Thumb Code     0  startup_stm32h723xx.o(.text)
    CEC_IRQHandler                           0x0800044b   Thumb Code     0  startup_stm32h723xx.o(.text)
    COMP1_IRQHandler                         0x0800044b   Thumb Code     0  startup_stm32h723xx.o(.text)
    CORDIC_IRQHandler                        0x0800044b   Thumb Code     0  startup_stm32h723xx.o(.text)
    CRS_IRQHandler                           0x0800044b   Thumb Code     0  startup_stm32h723xx.o(.text)
    DCMI_PSSI_IRQHandler                     0x0800044b   Thumb Code     0  startup_stm32h723xx.o(.text)
    DFSDM1_FLT0_IRQHandler                   0x0800044b   Thumb Code     0  startup_stm32h723xx.o(.text)
    DFSDM1_FLT1_IRQHandler                   0x0800044b   Thumb Code     0  startup_stm32h723xx.o(.text)
    DFSDM1_FLT2_IRQHandler                   0x0800044b   Thumb Code     0  startup_stm32h723xx.o(.text)
    DFSDM1_FLT3_IRQHandler                   0x0800044b   Thumb Code     0  startup_stm32h723xx.o(.text)
    DMA1_Stream0_IRQHandler                  0x0800044b   Thumb Code     0  startup_stm32h723xx.o(.text)
    DMA1_Stream1_IRQHandler                  0x0800044b   Thumb Code     0  startup_stm32h723xx.o(.text)
    DMA1_Stream2_IRQHandler                  0x0800044b   Thumb Code     0  startup_stm32h723xx.o(.text)
    DMA1_Stream3_IRQHandler                  0x0800044b   Thumb Code     0  startup_stm32h723xx.o(.text)
    DMA1_Stream4_IRQHandler                  0x0800044b   Thumb Code     0  startup_stm32h723xx.o(.text)
    DMA1_Stream5_IRQHandler                  0x0800044b   Thumb Code     0  startup_stm32h723xx.o(.text)
    DMA1_Stream6_IRQHandler                  0x0800044b   Thumb Code     0  startup_stm32h723xx.o(.text)
    DMA1_Stream7_IRQHandler                  0x0800044b   Thumb Code     0  startup_stm32h723xx.o(.text)
    DMA2D_IRQHandler                         0x0800044b   Thumb Code     0  startup_stm32h723xx.o(.text)
    DMA2_Stream0_IRQHandler                  0x0800044b   Thumb Code     0  startup_stm32h723xx.o(.text)
    DMA2_Stream1_IRQHandler                  0x0800044b   Thumb Code     0  startup_stm32h723xx.o(.text)
    DMA2_Stream2_IRQHandler                  0x0800044b   Thumb Code     0  startup_stm32h723xx.o(.text)
    DMA2_Stream3_IRQHandler                  0x0800044b   Thumb Code     0  startup_stm32h723xx.o(.text)
    DMA2_Stream4_IRQHandler                  0x0800044b   Thumb Code     0  startup_stm32h723xx.o(.text)
    DMA2_Stream5_IRQHandler                  0x0800044b   Thumb Code     0  startup_stm32h723xx.o(.text)
    DMA2_Stream6_IRQHandler                  0x0800044b   Thumb Code     0  startup_stm32h723xx.o(.text)
    DMA2_Stream7_IRQHandler                  0x0800044b   Thumb Code     0  startup_stm32h723xx.o(.text)
    DMAMUX1_OVR_IRQHandler                   0x0800044b   Thumb Code     0  startup_stm32h723xx.o(.text)
    DMAMUX2_OVR_IRQHandler                   0x0800044b   Thumb Code     0  startup_stm32h723xx.o(.text)
    DTS_IRQHandler                           0x0800044b   Thumb Code     0  startup_stm32h723xx.o(.text)
    ECC_IRQHandler                           0x0800044b   Thumb Code     0  startup_stm32h723xx.o(.text)
    ETH_IRQHandler                           0x0800044b   Thumb Code     0  startup_stm32h723xx.o(.text)
    ETH_WKUP_IRQHandler                      0x0800044b   Thumb Code     0  startup_stm32h723xx.o(.text)
    EXTI0_IRQHandler                         0x0800044b   Thumb Code     0  startup_stm32h723xx.o(.text)
    EXTI15_10_IRQHandler                     0x0800044b   Thumb Code     0  startup_stm32h723xx.o(.text)
    EXTI1_IRQHandler                         0x0800044b   Thumb Code     0  startup_stm32h723xx.o(.text)
    EXTI2_IRQHandler                         0x0800044b   Thumb Code     0  startup_stm32h723xx.o(.text)
    EXTI3_IRQHandler                         0x0800044b   Thumb Code     0  startup_stm32h723xx.o(.text)
    EXTI4_IRQHandler                         0x0800044b   Thumb Code     0  startup_stm32h723xx.o(.text)
    EXTI9_5_IRQHandler                       0x0800044b   Thumb Code     0  startup_stm32h723xx.o(.text)
    FDCAN1_IT1_IRQHandler                    0x0800044b   Thumb Code     0  startup_stm32h723xx.o(.text)
    FDCAN2_IT0_IRQHandler                    0x0800044b   Thumb Code     0  startup_stm32h723xx.o(.text)
    FDCAN2_IT1_IRQHandler                    0x0800044b   Thumb Code     0  startup_stm32h723xx.o(.text)
    FDCAN3_IT0_IRQHandler                    0x0800044b   Thumb Code     0  startup_stm32h723xx.o(.text)
    FDCAN3_IT1_IRQHandler                    0x0800044b   Thumb Code     0  startup_stm32h723xx.o(.text)
    FDCAN_CAL_IRQHandler                     0x0800044b   Thumb Code     0  startup_stm32h723xx.o(.text)
    FLASH_IRQHandler                         0x0800044b   Thumb Code     0  startup_stm32h723xx.o(.text)
    FMAC_IRQHandler                          0x0800044b   Thumb Code     0  startup_stm32h723xx.o(.text)
    FMC_IRQHandler                           0x0800044b   Thumb Code     0  startup_stm32h723xx.o(.text)
    FPU_IRQHandler                           0x0800044b   Thumb Code     0  startup_stm32h723xx.o(.text)
    HSEM1_IRQHandler                         0x0800044b   Thumb Code     0  startup_stm32h723xx.o(.text)
    I2C1_ER_IRQHandler                       0x0800044b   Thumb Code     0  startup_stm32h723xx.o(.text)
    I2C1_EV_IRQHandler                       0x0800044b   Thumb Code     0  startup_stm32h723xx.o(.text)
    I2C2_ER_IRQHandler                       0x0800044b   Thumb Code     0  startup_stm32h723xx.o(.text)
    I2C2_EV_IRQHandler                       0x0800044b   Thumb Code     0  startup_stm32h723xx.o(.text)
    I2C3_ER_IRQHandler                       0x0800044b   Thumb Code     0  startup_stm32h723xx.o(.text)
    I2C3_EV_IRQHandler                       0x0800044b   Thumb Code     0  startup_stm32h723xx.o(.text)
    I2C4_ER_IRQHandler                       0x0800044b   Thumb Code     0  startup_stm32h723xx.o(.text)
    I2C4_EV_IRQHandler                       0x0800044b   Thumb Code     0  startup_stm32h723xx.o(.text)
    I2C5_ER_IRQHandler                       0x0800044b   Thumb Code     0  startup_stm32h723xx.o(.text)
    I2C5_EV_IRQHandler                       0x0800044b   Thumb Code     0  startup_stm32h723xx.o(.text)
    LPTIM1_IRQHandler                        0x0800044b   Thumb Code     0  startup_stm32h723xx.o(.text)
    LPTIM2_IRQHandler                        0x0800044b   Thumb Code     0  startup_stm32h723xx.o(.text)
    LPTIM3_IRQHandler                        0x0800044b   Thumb Code     0  startup_stm32h723xx.o(.text)
    LPTIM4_IRQHandler                        0x0800044b   Thumb Code     0  startup_stm32h723xx.o(.text)
    LPTIM5_IRQHandler                        0x0800044b   Thumb Code     0  startup_stm32h723xx.o(.text)
    LPUART1_IRQHandler                       0x0800044b   Thumb Code     0  startup_stm32h723xx.o(.text)
    LTDC_ER_IRQHandler                       0x0800044b   Thumb Code     0  startup_stm32h723xx.o(.text)
    LTDC_IRQHandler                          0x0800044b   Thumb Code     0  startup_stm32h723xx.o(.text)
    MDIOS_IRQHandler                         0x0800044b   Thumb Code     0  startup_stm32h723xx.o(.text)
    MDIOS_WKUP_IRQHandler                    0x0800044b   Thumb Code     0  startup_stm32h723xx.o(.text)
    MDMA_IRQHandler                          0x0800044b   Thumb Code     0  startup_stm32h723xx.o(.text)
    OCTOSPI1_IRQHandler                      0x0800044b   Thumb Code     0  startup_stm32h723xx.o(.text)
    OCTOSPI2_IRQHandler                      0x0800044b   Thumb Code     0  startup_stm32h723xx.o(.text)
    OTG_HS_EP1_IN_IRQHandler                 0x0800044b   Thumb Code     0  startup_stm32h723xx.o(.text)
    OTG_HS_EP1_OUT_IRQHandler                0x0800044b   Thumb Code     0  startup_stm32h723xx.o(.text)
    OTG_HS_IRQHandler                        0x0800044b   Thumb Code     0  startup_stm32h723xx.o(.text)
    OTG_HS_WKUP_IRQHandler                   0x0800044b   Thumb Code     0  startup_stm32h723xx.o(.text)
    PVD_AVD_IRQHandler                       0x0800044b   Thumb Code     0  startup_stm32h723xx.o(.text)
    RCC_IRQHandler                           0x0800044b   Thumb Code     0  startup_stm32h723xx.o(.text)
    RNG_IRQHandler                           0x0800044b   Thumb Code     0  startup_stm32h723xx.o(.text)
    RTC_Alarm_IRQHandler                     0x0800044b   Thumb Code     0  startup_stm32h723xx.o(.text)
    RTC_WKUP_IRQHandler                      0x0800044b   Thumb Code     0  startup_stm32h723xx.o(.text)
    SAI1_IRQHandler                          0x0800044b   Thumb Code     0  startup_stm32h723xx.o(.text)
    SAI4_IRQHandler                          0x0800044b   Thumb Code     0  startup_stm32h723xx.o(.text)
    SDMMC1_IRQHandler                        0x0800044b   Thumb Code     0  startup_stm32h723xx.o(.text)
    SDMMC2_IRQHandler                        0x0800044b   Thumb Code     0  startup_stm32h723xx.o(.text)
    SPDIF_RX_IRQHandler                      0x0800044b   Thumb Code     0  startup_stm32h723xx.o(.text)
    SPI1_IRQHandler                          0x0800044b   Thumb Code     0  startup_stm32h723xx.o(.text)
    SPI2_IRQHandler                          0x0800044b   Thumb Code     0  startup_stm32h723xx.o(.text)
    SPI3_IRQHandler                          0x0800044b   Thumb Code     0  startup_stm32h723xx.o(.text)
    SPI4_IRQHandler                          0x0800044b   Thumb Code     0  startup_stm32h723xx.o(.text)
    SPI5_IRQHandler                          0x0800044b   Thumb Code     0  startup_stm32h723xx.o(.text)
    SPI6_IRQHandler                          0x0800044b   Thumb Code     0  startup_stm32h723xx.o(.text)
    SWPMI1_IRQHandler                        0x0800044b   Thumb Code     0  startup_stm32h723xx.o(.text)
    TAMP_STAMP_IRQHandler                    0x0800044b   Thumb Code     0  startup_stm32h723xx.o(.text)
    TIM15_IRQHandler                         0x0800044b   Thumb Code     0  startup_stm32h723xx.o(.text)
    TIM16_IRQHandler                         0x0800044b   Thumb Code     0  startup_stm32h723xx.o(.text)
    TIM17_IRQHandler                         0x0800044b   Thumb Code     0  startup_stm32h723xx.o(.text)
    TIM1_BRK_IRQHandler                      0x0800044b   Thumb Code     0  startup_stm32h723xx.o(.text)
    TIM1_CC_IRQHandler                       0x0800044b   Thumb Code     0  startup_stm32h723xx.o(.text)
    TIM1_TRG_COM_IRQHandler                  0x0800044b   Thumb Code     0  startup_stm32h723xx.o(.text)
    TIM1_UP_IRQHandler                       0x0800044b   Thumb Code     0  startup_stm32h723xx.o(.text)
    TIM23_IRQHandler                         0x0800044b   Thumb Code     0  startup_stm32h723xx.o(.text)
    TIM24_IRQHandler                         0x0800044b   Thumb Code     0  startup_stm32h723xx.o(.text)
    TIM3_IRQHandler                          0x0800044b   Thumb Code     0  startup_stm32h723xx.o(.text)
    TIM4_IRQHandler                          0x0800044b   Thumb Code     0  startup_stm32h723xx.o(.text)
    TIM5_IRQHandler                          0x0800044b   Thumb Code     0  startup_stm32h723xx.o(.text)
    TIM6_DAC_IRQHandler                      0x0800044b   Thumb Code     0  startup_stm32h723xx.o(.text)
    TIM7_IRQHandler                          0x0800044b   Thumb Code     0  startup_stm32h723xx.o(.text)
    TIM8_BRK_TIM12_IRQHandler                0x0800044b   Thumb Code     0  startup_stm32h723xx.o(.text)
    TIM8_CC_IRQHandler                       0x0800044b   Thumb Code     0  startup_stm32h723xx.o(.text)
    TIM8_TRG_COM_TIM14_IRQHandler            0x0800044b   Thumb Code     0  startup_stm32h723xx.o(.text)
    TIM8_UP_TIM13_IRQHandler                 0x0800044b   Thumb Code     0  startup_stm32h723xx.o(.text)
    UART4_IRQHandler                         0x0800044b   Thumb Code     0  startup_stm32h723xx.o(.text)
    UART5_IRQHandler                         0x0800044b   Thumb Code     0  startup_stm32h723xx.o(.text)
    UART7_IRQHandler                         0x0800044b   Thumb Code     0  startup_stm32h723xx.o(.text)
    UART8_IRQHandler                         0x0800044b   Thumb Code     0  startup_stm32h723xx.o(.text)
    UART9_IRQHandler                         0x0800044b   Thumb Code     0  startup_stm32h723xx.o(.text)
    USART10_IRQHandler                       0x0800044b   Thumb Code     0  startup_stm32h723xx.o(.text)
    USART1_IRQHandler                        0x0800044b   Thumb Code     0  startup_stm32h723xx.o(.text)
    USART2_IRQHandler                        0x0800044b   Thumb Code     0  startup_stm32h723xx.o(.text)
    USART3_IRQHandler                        0x0800044b   Thumb Code     0  startup_stm32h723xx.o(.text)
    USART6_IRQHandler                        0x0800044b   Thumb Code     0  startup_stm32h723xx.o(.text)
    WAKEUP_PIN_IRQHandler                    0x0800044b   Thumb Code     0  startup_stm32h723xx.o(.text)
    WWDG_IRQHandler                          0x0800044b   Thumb Code     0  startup_stm32h723xx.o(.text)
    __user_initial_stackheap                 0x0800044d   Thumb Code     0  startup_stm32h723xx.o(.text)
    __aeabi_memcpy4                          0x08000475   Thumb Code     0  rt_memcpy_w.o(.text)
    __aeabi_memcpy8                          0x08000475   Thumb Code     0  rt_memcpy_w.o(.text)
    __rt_memcpy_w                            0x08000475   Thumb Code   100  rt_memcpy_w.o(.text)
    _memcpy_lastbytes_aligned                0x080004bd   Thumb Code     0  rt_memcpy_w.o(.text)
    __aeabi_memset                           0x080004d9   Thumb Code    16  aeabi_memset.o(.text)
    __aeabi_memclr4                          0x080004e9   Thumb Code     0  rt_memclr_w.o(.text)
    __aeabi_memclr8                          0x080004e9   Thumb Code     0  rt_memclr_w.o(.text)
    __rt_memclr_w                            0x080004e9   Thumb Code    78  rt_memclr_w.o(.text)
    _memset_w                                0x080004ed   Thumb Code     0  rt_memclr_w.o(.text)
    __use_two_region_memory                  0x08000537   Thumb Code     2  heapauxi.o(.text)
    __rt_heap_escrow$2region                 0x08000539   Thumb Code     2  heapauxi.o(.text)
    __rt_heap_expand$2region                 0x0800053b   Thumb Code     2  heapauxi.o(.text)
    __aeabi_memclr                           0x0800053d   Thumb Code     0  rt_memclr.o(.text)
    __rt_memclr                              0x0800053d   Thumb Code    68  rt_memclr.o(.text)
    _memset                                  0x08000541   Thumb Code     0  rt_memclr.o(.text)
    __user_setup_stackheap                   0x08000581   Thumb Code    74  sys_stackheap_outer.o(.text)
    exit                                     0x080005cb   Thumb Code    12  exit.o(.text)
    __user_libspace                          0x080005d9   Thumb Code     8  libspace.o(.text)
    __user_perproc_libspace                  0x080005d9   Thumb Code     0  libspace.o(.text)
    __user_perthread_libspace                0x080005d9   Thumb Code     0  libspace.o(.text)
    _sys_exit                                0x080005e1   Thumb Code     8  sys_exit.o(.text)
    __I$use$semihosting                      0x080005ed   Thumb Code     0  use_no_semi.o(.text)
    __use_no_semihosting_swi                 0x080005ed   Thumb Code     2  use_no_semi.o(.text)
    BusFault_Handler                         0x080005ef   Thumb Code     2  stm32h7xx_it.o(i.BusFault_Handler)
    __semihosting_library_function           0x080005ef   Thumb Code     0  indicate_semi.o(.text)
    DM_Motor_Enable                          0x080005f1   Thumb Code    46  dm_can.o(i.DM_Motor_Enable)
    DM_Motor_Simple_Run                      0x0800061f   Thumb Code    18  dm_can.o(i.DM_Motor_Simple_Run)
    DebugMon_Handler                         0x08000631   Thumb Code     2  stm32h7xx_it.o(i.DebugMon_Handler)
    Error_Handler                            0x08000633   Thumb Code     4  main.o(i.Error_Handler)
    ExitRun0Mode                             0x08000639   Thumb Code    22  system_stm32h7xx.o(i.ExitRun0Mode)
    FDCAN1_IT0_IRQHandler                    0x08000655   Thumb Code     6  stm32h7xx_it.o(i.FDCAN1_IT0_IRQHandler)
    FDCAN_Filter_Config                      0x08000889   Thumb Code    44  can_drive.o(i.FDCAN_Filter_Config)
    FDCAN_Init                               0x080008b5   Thumb Code    62  can_drive.o(i.FDCAN_Init)
    FDCAN_Send_Msg                           0x080008f3   Thumb Code    44  can_drive.o(i.FDCAN_Send_Msg)
    FDCAN_TxHeader_Init                      0x0800091f   Thumb Code    28  can_drive.o(i.FDCAN_TxHeader_Init)
    HAL_CORDIC_Init                          0x0800093b   Thumb Code    52  stm32h7xx_hal_cordic.o(i.HAL_CORDIC_Init)
    HAL_CORDIC_MspInit                       0x08000971   Thumb Code    30  cordic.o(i.HAL_CORDIC_MspInit)
    HAL_FDCAN_AddMessageToTxFifoQ            0x08000999   Thumb Code   102  stm32h7xx_hal_fdcan.o(i.HAL_FDCAN_AddMessageToTxFifoQ)
    HAL_FDCAN_ClockCalibrationCallback       0x080009ff   Thumb Code     2  stm32h7xx_hal_fdcan.o(i.HAL_FDCAN_ClockCalibrationCallback)
    HAL_FDCAN_ConfigFilter                   0x08000a01   Thumb Code   126  stm32h7xx_hal_fdcan.o(i.HAL_FDCAN_ConfigFilter)
    HAL_FDCAN_ConfigGlobalFilter             0x08000a7f   Thumb Code    50  stm32h7xx_hal_fdcan.o(i.HAL_FDCAN_ConfigGlobalFilter)
    HAL_FDCAN_ErrorCallback                  0x08000ab1   Thumb Code     2  stm32h7xx_hal_fdcan.o(i.HAL_FDCAN_ErrorCallback)
    HAL_FDCAN_ErrorStatusCallback            0x08000ab3   Thumb Code     2  stm32h7xx_hal_fdcan.o(i.HAL_FDCAN_ErrorStatusCallback)
    HAL_FDCAN_HighPriorityMessageCallback    0x08000ab5   Thumb Code     2  stm32h7xx_hal_fdcan.o(i.HAL_FDCAN_HighPriorityMessageCallback)
    HAL_FDCAN_IRQHandler                     0x08000ab9   Thumb Code   722  stm32h7xx_hal_fdcan.o(i.HAL_FDCAN_IRQHandler)
    HAL_FDCAN_Init                           0x08000d99   Thumb Code   570  stm32h7xx_hal_fdcan.o(i.HAL_FDCAN_Init)
    HAL_FDCAN_MspInit                        0x08000fdd   Thumb Code   158  fdcan.o(i.HAL_FDCAN_MspInit)
    HAL_FDCAN_RxBufferNewMessageCallback     0x08001089   Thumb Code     2  stm32h7xx_hal_fdcan.o(i.HAL_FDCAN_RxBufferNewMessageCallback)
    HAL_FDCAN_RxFifo0Callback                0x0800108b   Thumb Code     2  stm32h7xx_hal_fdcan.o(i.HAL_FDCAN_RxFifo0Callback)
    HAL_FDCAN_RxFifo1Callback                0x0800108d   Thumb Code     2  stm32h7xx_hal_fdcan.o(i.HAL_FDCAN_RxFifo1Callback)
    HAL_FDCAN_Start                          0x0800108f   Thumb Code    50  stm32h7xx_hal_fdcan.o(i.HAL_FDCAN_Start)
    HAL_FDCAN_Stop                           0x080010c1   Thumb Code   124  stm32h7xx_hal_fdcan.o(i.HAL_FDCAN_Stop)
    HAL_FDCAN_TT_GlobalTimeCallback          0x0800113d   Thumb Code     2  stm32h7xx_hal_fdcan.o(i.HAL_FDCAN_TT_GlobalTimeCallback)
    HAL_FDCAN_TT_ScheduleSyncCallback        0x0800113f   Thumb Code     2  stm32h7xx_hal_fdcan.o(i.HAL_FDCAN_TT_ScheduleSyncCallback)
    HAL_FDCAN_TT_StopWatchCallback           0x08001141   Thumb Code     2  stm32h7xx_hal_fdcan.o(i.HAL_FDCAN_TT_StopWatchCallback)
    HAL_FDCAN_TT_TimeMarkCallback            0x08001143   Thumb Code     2  stm32h7xx_hal_fdcan.o(i.HAL_FDCAN_TT_TimeMarkCallback)
    HAL_FDCAN_TimeoutOccurredCallback        0x08001145   Thumb Code     2  stm32h7xx_hal_fdcan.o(i.HAL_FDCAN_TimeoutOccurredCallback)
    HAL_FDCAN_TimestampWraparoundCallback    0x08001147   Thumb Code     2  stm32h7xx_hal_fdcan.o(i.HAL_FDCAN_TimestampWraparoundCallback)
    HAL_FDCAN_TxBufferAbortCallback          0x08001149   Thumb Code     2  stm32h7xx_hal_fdcan.o(i.HAL_FDCAN_TxBufferAbortCallback)
    HAL_FDCAN_TxBufferCompleteCallback       0x0800114b   Thumb Code     2  stm32h7xx_hal_fdcan.o(i.HAL_FDCAN_TxBufferCompleteCallback)
    HAL_FDCAN_TxEventFifoCallback            0x0800114d   Thumb Code     2  stm32h7xx_hal_fdcan.o(i.HAL_FDCAN_TxEventFifoCallback)
    HAL_FDCAN_TxFifoEmptyCallback            0x0800114f   Thumb Code     2  stm32h7xx_hal_fdcan.o(i.HAL_FDCAN_TxFifoEmptyCallback)
    HAL_GPIO_Init                            0x08001151   Thumb Code   416  stm32h7xx_hal_gpio.o(i.HAL_GPIO_Init)
    HAL_GetTick                              0x0800131d   Thumb Code     6  stm32h7xx_hal.o(i.HAL_GetTick)
    HAL_IncTick                              0x08001329   Thumb Code    12  stm32h7xx_hal.o(i.HAL_IncTick)
    HAL_Init                                 0x08001339   Thumb Code    74  stm32h7xx_hal.o(i.HAL_Init)
    HAL_InitTick                             0x08001395   Thumb Code   122  stm32h7xx_hal_timebase_tim.o(i.HAL_InitTick)
    HAL_MspInit                              0x08001421   Thumb Code    32  stm32h7xx_hal_msp.o(i.HAL_MspInit)
    HAL_NVIC_EnableIRQ                       0x08001445   Thumb Code    26  stm32h7xx_hal_cortex.o(i.HAL_NVIC_EnableIRQ)
    HAL_NVIC_SetPriority                     0x08001461   Thumb Code    60  stm32h7xx_hal_cortex.o(i.HAL_NVIC_SetPriority)
    HAL_NVIC_SetPriorityGrouping             0x080014a1   Thumb Code    26  stm32h7xx_hal_cortex.o(i.HAL_NVIC_SetPriorityGrouping)
    HAL_PWREx_ConfigSupply                   0x080014c5   Thumb Code    76  stm32h7xx_hal_pwr_ex.o(i.HAL_PWREx_ConfigSupply)
    HAL_RCCEx_PeriphCLKConfig                0x08001515   Thumb Code  2360  stm32h7xx_hal_rcc_ex.o(i.HAL_RCCEx_PeriphCLKConfig)
    HAL_RCC_ClockConfig                      0x08001e51   Thumb Code   590  stm32h7xx_hal_rcc.o(i.HAL_RCC_ClockConfig)
    HAL_RCC_GetClockConfig                   0x080020c1   Thumb Code    86  stm32h7xx_hal_rcc.o(i.HAL_RCC_GetClockConfig)
    HAL_RCC_GetHCLKFreq                      0x08002121   Thumb Code    52  stm32h7xx_hal_rcc.o(i.HAL_RCC_GetHCLKFreq)
    HAL_RCC_GetPCLK1Freq                     0x08002165   Thumb Code    26  stm32h7xx_hal_rcc.o(i.HAL_RCC_GetPCLK1Freq)
    HAL_RCC_GetSysClockFreq                  0x08002189   Thumb Code   270  stm32h7xx_hal_rcc.o(i.HAL_RCC_GetSysClockFreq)
    HAL_RCC_OscConfig                        0x080022b9   Thumb Code  1308  stm32h7xx_hal_rcc.o(i.HAL_RCC_OscConfig)
    HAL_TIMEx_Break2Callback                 0x080027d5   Thumb Code     2  stm32h7xx_hal_tim_ex.o(i.HAL_TIMEx_Break2Callback)
    HAL_TIMEx_BreakCallback                  0x080027d7   Thumb Code     2  stm32h7xx_hal_tim_ex.o(i.HAL_TIMEx_BreakCallback)
    HAL_TIMEx_CommutCallback                 0x080027d9   Thumb Code     2  stm32h7xx_hal_tim_ex.o(i.HAL_TIMEx_CommutCallback)
    HAL_TIM_Base_Init                        0x080027db   Thumb Code    98  stm32h7xx_hal_tim.o(i.HAL_TIM_Base_Init)
    HAL_TIM_Base_MspInit                     0x0800283d   Thumb Code     2  stm32h7xx_hal_tim.o(i.HAL_TIM_Base_MspInit)
    HAL_TIM_Base_Start_IT                    0x08002841   Thumb Code   118  stm32h7xx_hal_tim.o(i.HAL_TIM_Base_Start_IT)
    HAL_TIM_IC_CaptureCallback               0x080028e1   Thumb Code     2  stm32h7xx_hal_tim.o(i.HAL_TIM_IC_CaptureCallback)
    HAL_TIM_IRQHandler                       0x080028e3   Thumb Code   330  stm32h7xx_hal_tim.o(i.HAL_TIM_IRQHandler)
    HAL_TIM_OC_DelayElapsedCallback          0x08002a2d   Thumb Code     2  stm32h7xx_hal_tim.o(i.HAL_TIM_OC_DelayElapsedCallback)
    HAL_TIM_PWM_PulseFinishedCallback        0x08002a2f   Thumb Code     2  stm32h7xx_hal_tim.o(i.HAL_TIM_PWM_PulseFinishedCallback)
    HAL_TIM_PeriodElapsedCallback            0x08002a31   Thumb Code    14  main.o(i.HAL_TIM_PeriodElapsedCallback)
    HAL_TIM_TriggerCallback                  0x08002a3f   Thumb Code     2  stm32h7xx_hal_tim.o(i.HAL_TIM_TriggerCallback)
    HardFault_Handler                        0x08002a41   Thumb Code     2  stm32h7xx_it.o(i.HardFault_Handler)
    MX_CORDIC_Init                           0x08002a45   Thumb Code    28  cordic.o(i.MX_CORDIC_Init)
    MX_FDCAN1_Init                           0x08002a69   Thumb Code    94  fdcan.o(i.MX_FDCAN1_Init)
    MX_FREERTOS_Init                         0x08002ad1   Thumb Code    18  freertos.o(i.MX_FREERTOS_Init)
    MX_GPIO_Init                             0x08002af1   Thumb Code    54  gpio.o(i.MX_GPIO_Init)
    MemManage_Handler                        0x08002b2d   Thumb Code     2  stm32h7xx_it.o(i.MemManage_Handler)
    NMI_Handler                              0x08002b2f   Thumb Code     2  stm32h7xx_it.o(i.NMI_Handler)
    StartDefaultTask                         0x08002d59   Thumb Code     8  freertos.o(i.StartDefaultTask)
    SysTick_Handler                          0x08002d61   Thumb Code    26  cmsis_os2.o(i.SysTick_Handler)
    SystemClock_Config                       0x08002d7d   Thumb Code   148  main.o(i.SystemClock_Config)
    SystemInit                               0x08002e15   Thumb Code   184  system_stm32h7xx.o(i.SystemInit)
    TIM2_IRQHandler                          0x08002eed   Thumb Code     6  stm32h7xx_it.o(i.TIM2_IRQHandler)
    TIM_Base_SetConfig                       0x08002ef9   Thumb Code   180  stm32h7xx_hal_tim.o(i.TIM_Base_SetConfig)
    UsageFault_Handler                       0x08002fd5   Thumb Code     2  stm32h7xx_it.o(i.UsageFault_Handler)
    main                                     0x08002ff9   Thumb Code   130  main.o(i.main)
    osDelay                                  0x08003081   Thumb Code    26  cmsis_os2.o(i.osDelay)
    osKernelInitialize                       0x0800309d   Thumb Code    32  cmsis_os2.o(i.osKernelInitialize)
    osThreadNew                              0x080030c1   Thumb Code   136  cmsis_os2.o(i.osThreadNew)
    pvPortMalloc                             0x08003401   Thumb Code   216  heap_4.o(i.pvPortMalloc)
    pxPortInitialiseStack                    0x080034dd   Thumb Code    40  port.o(i.pxPortInitialiseStack)
    uxListRemove                             0x08003509   Thumb Code    38  list.o(i.uxListRemove)
    vListInitialise                          0x0800352f   Thumb Code    22  list.o(i.vListInitialise)
    vListInitialiseItem                      0x08003545   Thumb Code     6  list.o(i.vListInitialiseItem)
    vListInsert                              0x0800354b   Thumb Code    48  list.o(i.vListInsert)
    vListInsertEnd                           0x0800357b   Thumb Code    24  list.o(i.vListInsertEnd)
    vPortEnterCritical                       0x08003595   Thumb Code    54  port.o(i.vPortEnterCritical)
    vPortExitCritical                        0x080035d5   Thumb Code    34  port.o(i.vPortExitCritical)
    vPortFree                                0x080035fd   Thumb Code    94  heap_4.o(i.vPortFree)
    vTaskDelay                               0x08003661   Thumb Code    66  tasks.o(i.vTaskDelay)
    vTaskSuspendAll                          0x080036ad   Thumb Code    10  tasks.o(i.vTaskSuspendAll)
    vTaskSwitchContext                       0x080036bd   Thumb Code    90  tasks.o(i.vTaskSwitchContext)
    xPortSysTickHandler                      0x08003721   Thumb Code    38  port.o(i.xPortSysTickHandler)
    xTaskCreate                              0x0800374d   Thumb Code    90  tasks.o(i.xTaskCreate)
    xTaskCreateStatic                        0x080037a7   Thumb Code    90  tasks.o(i.xTaskCreateStatic)
    xTaskGetSchedulerState                   0x08003801   Thumb Code    22  tasks.o(i.xTaskGetSchedulerState)
    xTaskIncrementTick                       0x0800381d   Thumb Code   192  tasks.o(i.xTaskIncrementTick)
    xTaskResumeAll                           0x080038e5   Thumb Code   180  tasks.o(i.xTaskResumeAll)
    _fp_init                                 0x080039a5   Thumb Code    10  fpinit.o(x$fpl$fpinit)
    __fplib_config_fpu_vfp                   0x080039ad   Thumb Code     0  fpinit.o(x$fpl$fpinit)
    __fplib_config_pureend_doubles           0x080039ad   Thumb Code     0  fpinit.o(x$fpl$fpinit)
    defaultTask_attributes                   0x080039b0   Data          36  freertos.o(.constdata)
    D1CorePrescTable                         0x08003a30   Data          16  system_stm32h7xx.o(.constdata)
    Region$$Table$$Base                      0x08003a4c   Number         0  anon$$obj.o(Region$$Table)
    Region$$Table$$Limit                     0x08003a6c   Number         0  anon$$obj.o(Region$$Table)
    defaultTaskHandle                        0x24000000   Data           4  freertos.o(.data)
    uwTickFreq                               0x24000004   Data           1  stm32h7xx_hal.o(.data)
    uwTickPrio                               0x24000008   Data           4  stm32h7xx_hal.o(.data)
    uwTick                                   0x2400000c   Data           4  stm32h7xx_hal.o(.data)
    SystemCoreClock                          0x24000010   Data           4  system_stm32h7xx.o(.data)
    SystemD2Clock                            0x24000014   Data           4  system_stm32h7xx.o(.data)
    pxCurrentTCB                             0x24000018   Data           4  tasks.o(.data)
    hcordic                                  0x24000084   Data          40  cordic.o(.bss)
    hfdcan1                                  0x240000ac   Data         160  fdcan.o(.bss)
    htim2                                    0x2400014c   Data          76  stm32h7xx_hal_timebase_tim.o(.bss)
    __libspace_start                         0x2400425c   Data          96  libspace.o(.bss)
    __temporary_stack_top$libspace           0x240042bc   Data           0  libspace.o(.bss)



==============================================================================

Memory Map of the image

  Image Entry point : 0x080002cd

  Load Region LR_IROM1 (Base: 0x08000000, Size: 0x00003af0, Max: 0x00100000, ABSOLUTE)

    Execution Region ER_IROM1 (Exec base: 0x08000000, Load base: 0x08000000, Size: 0x00003a6c, Max: 0x00100000, ABSOLUTE)

    Exec Addr    Load Addr    Size         Type   Attr      Idx    E Section Name        Object

    0x08000000   0x08000000   0x000002cc   Data   RO            3    RESET               startup_stm32h723xx.o
    0x080002cc   0x080002cc   0x00000008   Code   RO         6580  * !!!main             c_w.l(__main.o)
    0x080002d4   0x080002d4   0x00000034   Code   RO         6738    !!!scatter          c_w.l(__scatter.o)
    0x08000308   0x08000308   0x0000001a   Code   RO         6740    !!handler_copy      c_w.l(__scatter_copy.o)
    0x08000322   0x08000322   0x00000002   PAD
    0x08000324   0x08000324   0x0000001c   Code   RO         6742    !!handler_zi        c_w.l(__scatter_zi.o)
    0x08000340   0x08000340   0x00000002   Code   RO         6609    .ARM.Collect$$libinit$$00000000  c_w.l(libinit.o)
    0x08000342   0x08000342   0x00000004   Code   RO         6615    .ARM.Collect$$libinit$$00000001  c_w.l(libinit2.o)
    0x08000346   0x08000346   0x00000000   Code   RO         6618    .ARM.Collect$$libinit$$00000004  c_w.l(libinit2.o)
    0x08000346   0x08000346   0x00000000   Code   RO         6621    .ARM.Collect$$libinit$$0000000A  c_w.l(libinit2.o)
    0x08000346   0x08000346   0x00000000   Code   RO         6623    .ARM.Collect$$libinit$$0000000C  c_w.l(libinit2.o)
    0x08000346   0x08000346   0x00000000   Code   RO         6625    .ARM.Collect$$libinit$$0000000E  c_w.l(libinit2.o)
    0x08000346   0x08000346   0x00000000   Code   RO         6628    .ARM.Collect$$libinit$$00000011  c_w.l(libinit2.o)
    0x08000346   0x08000346   0x00000000   Code   RO         6630    .ARM.Collect$$libinit$$00000013  c_w.l(libinit2.o)
    0x08000346   0x08000346   0x00000000   Code   RO         6632    .ARM.Collect$$libinit$$00000015  c_w.l(libinit2.o)
    0x08000346   0x08000346   0x00000000   Code   RO         6634    .ARM.Collect$$libinit$$00000017  c_w.l(libinit2.o)
    0x08000346   0x08000346   0x00000000   Code   RO         6636    .ARM.Collect$$libinit$$00000019  c_w.l(libinit2.o)
    0x08000346   0x08000346   0x00000000   Code   RO         6638    .ARM.Collect$$libinit$$0000001B  c_w.l(libinit2.o)
    0x08000346   0x08000346   0x00000000   Code   RO         6640    .ARM.Collect$$libinit$$0000001D  c_w.l(libinit2.o)
    0x08000346   0x08000346   0x00000000   Code   RO         6642    .ARM.Collect$$libinit$$0000001F  c_w.l(libinit2.o)
    0x08000346   0x08000346   0x00000000   Code   RO         6644    .ARM.Collect$$libinit$$00000021  c_w.l(libinit2.o)
    0x08000346   0x08000346   0x00000000   Code   RO         6646    .ARM.Collect$$libinit$$00000023  c_w.l(libinit2.o)
    0x08000346   0x08000346   0x00000000   Code   RO         6648    .ARM.Collect$$libinit$$00000025  c_w.l(libinit2.o)
    0x08000346   0x08000346   0x00000000   Code   RO         6652    .ARM.Collect$$libinit$$0000002C  c_w.l(libinit2.o)
    0x08000346   0x08000346   0x00000000   Code   RO         6654    .ARM.Collect$$libinit$$0000002E  c_w.l(libinit2.o)
    0x08000346   0x08000346   0x00000000   Code   RO         6656    .ARM.Collect$$libinit$$00000030  c_w.l(libinit2.o)
    0x08000346   0x08000346   0x00000000   Code   RO         6658    .ARM.Collect$$libinit$$00000032  c_w.l(libinit2.o)
    0x08000346   0x08000346   0x00000002   Code   RO         6659    .ARM.Collect$$libinit$$00000033  c_w.l(libinit2.o)
    0x08000348   0x08000348   0x00000002   Code   RO         6679    .ARM.Collect$$libshutdown$$00000000  c_w.l(libshutdown.o)
    0x0800034a   0x0800034a   0x00000000   Code   RO         6693    .ARM.Collect$$libshutdown$$00000003  c_w.l(libshutdown2.o)
    0x0800034a   0x0800034a   0x00000000   Code   RO         6696    .ARM.Collect$$libshutdown$$00000006  c_w.l(libshutdown2.o)
    0x0800034a   0x0800034a   0x00000000   Code   RO         6699    .ARM.Collect$$libshutdown$$00000009  c_w.l(libshutdown2.o)
    0x0800034a   0x0800034a   0x00000000   Code   RO         6701    .ARM.Collect$$libshutdown$$0000000B  c_w.l(libshutdown2.o)
    0x0800034a   0x0800034a   0x00000000   Code   RO         6704    .ARM.Collect$$libshutdown$$0000000E  c_w.l(libshutdown2.o)
    0x0800034a   0x0800034a   0x00000002   Code   RO         6705    .ARM.Collect$$libshutdown$$0000000F  c_w.l(libshutdown2.o)
    0x0800034c   0x0800034c   0x00000000   Code   RO         6582    .ARM.Collect$$rtentry$$00000000  c_w.l(__rtentry.o)
    0x0800034c   0x0800034c   0x00000000   Code   RO         6586    .ARM.Collect$$rtentry$$00000002  c_w.l(__rtentry2.o)
    0x0800034c   0x0800034c   0x00000006   Code   RO         6598    .ARM.Collect$$rtentry$$00000004  c_w.l(__rtentry4.o)
    0x08000352   0x08000352   0x00000000   Code   RO         6588    .ARM.Collect$$rtentry$$00000009  c_w.l(__rtentry2.o)
    0x08000352   0x08000352   0x00000004   Code   RO         6589    .ARM.Collect$$rtentry$$0000000A  c_w.l(__rtentry2.o)
    0x08000356   0x08000356   0x00000000   Code   RO         6591    .ARM.Collect$$rtentry$$0000000C  c_w.l(__rtentry2.o)
    0x08000356   0x08000356   0x00000008   Code   RO         6592    .ARM.Collect$$rtentry$$0000000D  c_w.l(__rtentry2.o)
    0x0800035e   0x0800035e   0x00000002   Code   RO         6613    .ARM.Collect$$rtexit$$00000000  c_w.l(rtexit.o)
    0x08000360   0x08000360   0x00000000   Code   RO         6661    .ARM.Collect$$rtexit$$00000002  c_w.l(rtexit2.o)
    0x08000360   0x08000360   0x00000004   Code   RO         6662    .ARM.Collect$$rtexit$$00000003  c_w.l(rtexit2.o)
    0x08000364   0x08000364   0x00000006   Code   RO         6663    .ARM.Collect$$rtexit$$00000004  c_w.l(rtexit2.o)
    0x0800036a   0x0800036a   0x00000002   PAD
    0x0800036c   0x0800036c   0x000000be   Code   RO         6402    .emb_text           port.o
    0x0800042a   0x0800042a   0x00000002   PAD
    0x0800042c   0x0800042c   0x00000048   Code   RO            4    .text               startup_stm32h723xx.o
    0x08000474   0x08000474   0x00000064   Code   RO         6570    .text               c_w.l(rt_memcpy_w.o)
    0x080004d8   0x080004d8   0x00000010   Code   RO         6574    .text               c_w.l(aeabi_memset.o)
    0x080004e8   0x080004e8   0x0000004e   Code   RO         6576    .text               c_w.l(rt_memclr_w.o)
    0x08000536   0x08000536   0x00000006   Code   RO         6578    .text               c_w.l(heapauxi.o)
    0x0800053c   0x0800053c   0x00000044   Code   RO         6583    .text               c_w.l(rt_memclr.o)
    0x08000580   0x08000580   0x0000004a   Code   RO         6600    .text               c_w.l(sys_stackheap_outer.o)
    0x080005ca   0x080005ca   0x0000000c   Code   RO         6602    .text               c_w.l(exit.o)
    0x080005d6   0x080005d6   0x00000002   PAD
    0x080005d8   0x080005d8   0x00000008   Code   RO         6610    .text               c_w.l(libspace.o)
    0x080005e0   0x080005e0   0x0000000c   Code   RO         6671    .text               c_w.l(sys_exit.o)
    0x080005ec   0x080005ec   0x00000002   Code   RO         6682    .text               c_w.l(use_no_semi.o)
    0x080005ee   0x080005ee   0x00000000   Code   RO         6684    .text               c_w.l(indicate_semi.o)
    0x080005ee   0x080005ee   0x00000002   Code   RO          370    i.BusFault_Handler  stm32h7xx_it.o
    0x080005f0   0x080005f0   0x0000002e   Code   RO         6528    i.DM_Motor_Enable   dm_can.o
    0x0800061e   0x0800061e   0x00000012   Code   RO         6529    i.DM_Motor_Simple_Run  dm_can.o
    0x08000630   0x08000630   0x00000002   Code   RO          371    i.DebugMon_Handler  stm32h7xx_it.o
    0x08000632   0x08000632   0x00000004   Code   RO           13    i.Error_Handler     main.o
    0x08000636   0x08000636   0x00000002   PAD
    0x08000638   0x08000638   0x0000001c   Code   RO         4681    i.ExitRun0Mode      system_stm32h7xx.o
    0x08000654   0x08000654   0x0000000c   Code   RO          372    i.FDCAN1_IT0_IRQHandler  stm32h7xx_it.o
    0x08000660   0x08000660   0x000001c0   Code   RO         4063    i.FDCAN_CalcultateRamBlockAddresses  stm32h7xx_hal_fdcan.o
    0x08000820   0x08000820   0x00000068   Code   RO         4064    i.FDCAN_CopyMessageToRAM  stm32h7xx_hal_fdcan.o
    0x08000888   0x08000888   0x0000002c   Code   RO         6482    i.FDCAN_Filter_Config  can_drive.o
    0x080008b4   0x080008b4   0x0000003e   Code   RO         6483    i.FDCAN_Init        can_drive.o
    0x080008f2   0x080008f2   0x0000002c   Code   RO         6484    i.FDCAN_Send_Msg    can_drive.o
    0x0800091e   0x0800091e   0x0000001c   Code   RO         6485    i.FDCAN_TxHeader_Init  can_drive.o
    0x0800093a   0x0800093a   0x00000034   Code   RO         1538    i.HAL_CORDIC_Init   stm32h7xx_hal_cordic.o
    0x0800096e   0x0800096e   0x00000002   PAD
    0x08000970   0x08000970   0x00000028   Code   RO          287    i.HAL_CORDIC_MspInit  cordic.o
    0x08000998   0x08000998   0x00000066   Code   RO         4068    i.HAL_FDCAN_AddMessageToTxFifoQ  stm32h7xx_hal_fdcan.o
    0x080009fe   0x080009fe   0x00000002   Code   RO         4069    i.HAL_FDCAN_ClockCalibrationCallback  stm32h7xx_hal_fdcan.o
    0x08000a00   0x08000a00   0x0000007e   Code   RO         4073    i.HAL_FDCAN_ConfigFilter  stm32h7xx_hal_fdcan.o
    0x08000a7e   0x08000a7e   0x00000032   Code   RO         4074    i.HAL_FDCAN_ConfigGlobalFilter  stm32h7xx_hal_fdcan.o
    0x08000ab0   0x08000ab0   0x00000002   Code   RO         4095    i.HAL_FDCAN_ErrorCallback  stm32h7xx_hal_fdcan.o
    0x08000ab2   0x08000ab2   0x00000002   Code   RO         4096    i.HAL_FDCAN_ErrorStatusCallback  stm32h7xx_hal_fdcan.o
    0x08000ab4   0x08000ab4   0x00000002   Code   RO         4113    i.HAL_FDCAN_HighPriorityMessageCallback  stm32h7xx_hal_fdcan.o
    0x08000ab6   0x08000ab6   0x00000002   PAD
    0x08000ab8   0x08000ab8   0x000002e0   Code   RO         4114    i.HAL_FDCAN_IRQHandler  stm32h7xx_hal_fdcan.o
    0x08000d98   0x08000d98   0x00000244   Code   RO         4115    i.HAL_FDCAN_Init    stm32h7xx_hal_fdcan.o
    0x08000fdc   0x08000fdc   0x000000ac   Code   RO          329    i.HAL_FDCAN_MspInit  fdcan.o
    0x08001088   0x08001088   0x00000002   Code   RO         4124    i.HAL_FDCAN_RxBufferNewMessageCallback  stm32h7xx_hal_fdcan.o
    0x0800108a   0x0800108a   0x00000002   Code   RO         4125    i.HAL_FDCAN_RxFifo0Callback  stm32h7xx_hal_fdcan.o
    0x0800108c   0x0800108c   0x00000002   Code   RO         4126    i.HAL_FDCAN_RxFifo1Callback  stm32h7xx_hal_fdcan.o
    0x0800108e   0x0800108e   0x00000032   Code   RO         4127    i.HAL_FDCAN_Start   stm32h7xx_hal_fdcan.o
    0x080010c0   0x080010c0   0x0000007c   Code   RO         4128    i.HAL_FDCAN_Stop    stm32h7xx_hal_fdcan.o
    0x0800113c   0x0800113c   0x00000002   Code   RO         4149    i.HAL_FDCAN_TT_GlobalTimeCallback  stm32h7xx_hal_fdcan.o
    0x0800113e   0x0800113e   0x00000002   Code   RO         4150    i.HAL_FDCAN_TT_ScheduleSyncCallback  stm32h7xx_hal_fdcan.o
    0x08001140   0x08001140   0x00000002   Code   RO         4155    i.HAL_FDCAN_TT_StopWatchCallback  stm32h7xx_hal_fdcan.o
    0x08001142   0x08001142   0x00000002   Code   RO         4156    i.HAL_FDCAN_TT_TimeMarkCallback  stm32h7xx_hal_fdcan.o
    0x08001144   0x08001144   0x00000002   Code   RO         4157    i.HAL_FDCAN_TimeoutOccurredCallback  stm32h7xx_hal_fdcan.o
    0x08001146   0x08001146   0x00000002   Code   RO         4158    i.HAL_FDCAN_TimestampWraparoundCallback  stm32h7xx_hal_fdcan.o
    0x08001148   0x08001148   0x00000002   Code   RO         4159    i.HAL_FDCAN_TxBufferAbortCallback  stm32h7xx_hal_fdcan.o
    0x0800114a   0x0800114a   0x00000002   Code   RO         4160    i.HAL_FDCAN_TxBufferCompleteCallback  stm32h7xx_hal_fdcan.o
    0x0800114c   0x0800114c   0x00000002   Code   RO         4161    i.HAL_FDCAN_TxEventFifoCallback  stm32h7xx_hal_fdcan.o
    0x0800114e   0x0800114e   0x00000002   Code   RO         4162    i.HAL_FDCAN_TxFifoEmptyCallback  stm32h7xx_hal_fdcan.o
    0x08001150   0x08001150   0x000001cc   Code   RO         2122    i.HAL_GPIO_Init     stm32h7xx_hal_gpio.o
    0x0800131c   0x0800131c   0x0000000c   Code   RO         3140    i.HAL_GetTick       stm32h7xx_hal.o
    0x08001328   0x08001328   0x00000010   Code   RO         3146    i.HAL_IncTick       stm32h7xx_hal.o
    0x08001338   0x08001338   0x0000005c   Code   RO         3147    i.HAL_Init          stm32h7xx_hal.o
    0x08001394   0x08001394   0x0000008c   Code   RO          464    i.HAL_InitTick      stm32h7xx_hal_timebase_tim.o
    0x08001420   0x08001420   0x00000024   Code   RO          440    i.HAL_MspInit       stm32h7xx_hal_msp.o
    0x08001444   0x08001444   0x0000001a   Code   RO         2972    i.HAL_NVIC_EnableIRQ  stm32h7xx_hal_cortex.o
    0x0800145e   0x0800145e   0x00000002   PAD
    0x08001460   0x08001460   0x00000040   Code   RO         2978    i.HAL_NVIC_SetPriority  stm32h7xx_hal_cortex.o
    0x080014a0   0x080014a0   0x00000024   Code   RO         2979    i.HAL_NVIC_SetPriorityGrouping  stm32h7xx_hal_cortex.o
    0x080014c4   0x080014c4   0x00000050   Code   RO         2723    i.HAL_PWREx_ConfigSupply  stm32h7xx_hal_pwr_ex.o
    0x08001514   0x08001514   0x0000093c   Code   RO         1774    i.HAL_RCCEx_PeriphCLKConfig  stm32h7xx_hal_rcc_ex.o
    0x08001e50   0x08001e50   0x00000270   Code   RO         1650    i.HAL_RCC_ClockConfig  stm32h7xx_hal_rcc.o
    0x080020c0   0x080020c0   0x00000060   Code   RO         1654    i.HAL_RCC_GetClockConfig  stm32h7xx_hal_rcc.o
    0x08002120   0x08002120   0x00000044   Code   RO         1655    i.HAL_RCC_GetHCLKFreq  stm32h7xx_hal_rcc.o
    0x08002164   0x08002164   0x00000024   Code   RO         1657    i.HAL_RCC_GetPCLK1Freq  stm32h7xx_hal_rcc.o
    0x08002188   0x08002188   0x00000130   Code   RO         1659    i.HAL_RCC_GetSysClockFreq  stm32h7xx_hal_rcc.o
    0x080022b8   0x080022b8   0x0000051c   Code   RO         1662    i.HAL_RCC_OscConfig  stm32h7xx_hal_rcc.o
    0x080027d4   0x080027d4   0x00000002   Code   RO         1219    i.HAL_TIMEx_Break2Callback  stm32h7xx_hal_tim_ex.o
    0x080027d6   0x080027d6   0x00000002   Code   RO         1220    i.HAL_TIMEx_BreakCallback  stm32h7xx_hal_tim_ex.o
    0x080027d8   0x080027d8   0x00000002   Code   RO         1221    i.HAL_TIMEx_CommutCallback  stm32h7xx_hal_tim_ex.o
    0x080027da   0x080027da   0x00000062   Code   RO          505    i.HAL_TIM_Base_Init  stm32h7xx_hal_tim.o
    0x0800283c   0x0800283c   0x00000002   Code   RO          507    i.HAL_TIM_Base_MspInit  stm32h7xx_hal_tim.o
    0x0800283e   0x0800283e   0x00000002   PAD
    0x08002840   0x08002840   0x000000a0   Code   RO          510    i.HAL_TIM_Base_Start_IT  stm32h7xx_hal_tim.o
    0x080028e0   0x080028e0   0x00000002   Code   RO          539    i.HAL_TIM_IC_CaptureCallback  stm32h7xx_hal_tim.o
    0x080028e2   0x080028e2   0x0000014a   Code   RO          553    i.HAL_TIM_IRQHandler  stm32h7xx_hal_tim.o
    0x08002a2c   0x08002a2c   0x00000002   Code   RO          556    i.HAL_TIM_OC_DelayElapsedCallback  stm32h7xx_hal_tim.o
    0x08002a2e   0x08002a2e   0x00000002   Code   RO          583    i.HAL_TIM_PWM_PulseFinishedCallback  stm32h7xx_hal_tim.o
    0x08002a30   0x08002a30   0x0000000e   Code   RO           14    i.HAL_TIM_PeriodElapsedCallback  main.o
    0x08002a3e   0x08002a3e   0x00000002   Code   RO          596    i.HAL_TIM_TriggerCallback  stm32h7xx_hal_tim.o
    0x08002a40   0x08002a40   0x00000002   Code   RO          373    i.HardFault_Handler  stm32h7xx_it.o
    0x08002a42   0x08002a42   0x00000002   PAD
    0x08002a44   0x08002a44   0x00000024   Code   RO          288    i.MX_CORDIC_Init    cordic.o
    0x08002a68   0x08002a68   0x00000068   Code   RO          330    i.MX_FDCAN1_Init    fdcan.o
    0x08002ad0   0x08002ad0   0x00000020   Code   RO          243    i.MX_FREERTOS_Init  freertos.o
    0x08002af0   0x08002af0   0x0000003c   Code   RO          219    i.MX_GPIO_Init      gpio.o
    0x08002b2c   0x08002b2c   0x00000002   Code   RO          374    i.MemManage_Handler  stm32h7xx_it.o
    0x08002b2e   0x08002b2e   0x00000002   Code   RO          375    i.NMI_Handler       stm32h7xx_it.o
    0x08002b30   0x08002b30   0x00000114   Code   RO         1777    i.RCCEx_PLL2_Config  stm32h7xx_hal_rcc_ex.o
    0x08002c44   0x08002c44   0x00000114   Code   RO         1778    i.RCCEx_PLL3_Config  stm32h7xx_hal_rcc_ex.o
    0x08002d58   0x08002d58   0x00000008   Code   RO          244    i.StartDefaultTask  freertos.o
    0x08002d60   0x08002d60   0x0000001a   Code   RO         5834    i.SysTick_Handler   cmsis_os2.o
    0x08002d7a   0x08002d7a   0x00000002   PAD
    0x08002d7c   0x08002d7c   0x00000098   Code   RO           15    i.SystemClock_Config  main.o
    0x08002e14   0x08002e14   0x000000d8   Code   RO         4683    i.SystemInit        system_stm32h7xx.o
    0x08002eec   0x08002eec   0x0000000c   Code   RO          376    i.TIM2_IRQHandler   stm32h7xx_it.o
    0x08002ef8   0x08002ef8   0x000000dc   Code   RO          598    i.TIM_Base_SetConfig  stm32h7xx_hal_tim.o
    0x08002fd4   0x08002fd4   0x00000002   Code   RO          377    i.UsageFault_Handler  stm32h7xx_it.o
    0x08002fd6   0x08002fd6   0x00000020   Code   RO         2985    i.__NVIC_SetPriority  stm32h7xx_hal_cortex.o
    0x08002ff6   0x08002ff6   0x00000002   PAD
    0x08002ff8   0x08002ff8   0x00000088   Code   RO           16    i.main              main.o
    0x08003080   0x08003080   0x0000001a   Code   RO         5836    i.osDelay           cmsis_os2.o
    0x0800309a   0x0800309a   0x00000002   PAD
    0x0800309c   0x0800309c   0x00000024   Code   RO         5850    i.osKernelInitialize  cmsis_os2.o
    0x080030c0   0x080030c0   0x00000088   Code   RO         5895    i.osThreadNew       cmsis_os2.o
    0x08003148   0x08003148   0x0000005c   Code   RO         5295    i.prvAddCurrentTaskToDelayedList  tasks.o
    0x080031a4   0x080031a4   0x000000d0   Code   RO         5296    i.prvAddNewTaskToReadyList  tasks.o
    0x08003274   0x08003274   0x0000004c   Code   RO         6347    i.prvHeapInit       heap_4.o
    0x080032c0   0x080032c0   0x000000aa   Code   RO         5299    i.prvInitialiseNewTask  tasks.o
    0x0800336a   0x0800336a   0x00000002   PAD
    0x0800336c   0x0800336c   0x0000004c   Code   RO         6348    i.prvInsertBlockIntoFreeList  heap_4.o
    0x080033b8   0x080033b8   0x00000020   Code   RO         5301    i.prvResetNextTaskUnblockTime  tasks.o
    0x080033d8   0x080033d8   0x00000028   Code   RO         6403    i.prvTaskExitError  port.o
    0x08003400   0x08003400   0x000000dc   Code   RO         6349    i.pvPortMalloc      heap_4.o
    0x080034dc   0x080034dc   0x0000002c   Code   RO         6404    i.pxPortInitialiseStack  port.o
    0x08003508   0x08003508   0x00000026   Code   RO         4852    i.uxListRemove      list.o
    0x0800352e   0x0800352e   0x00000016   Code   RO         4853    i.vListInitialise   list.o
    0x08003544   0x08003544   0x00000006   Code   RO         4854    i.vListInitialiseItem  list.o
    0x0800354a   0x0800354a   0x00000030   Code   RO         4855    i.vListInsert       list.o
    0x0800357a   0x0800357a   0x00000018   Code   RO         4856    i.vListInsertEnd    list.o
    0x08003592   0x08003592   0x00000002   PAD
    0x08003594   0x08003594   0x00000040   Code   RO         6406    i.vPortEnterCritical  port.o
    0x080035d4   0x080035d4   0x00000028   Code   RO         6407    i.vPortExitCritical  port.o
    0x080035fc   0x080035fc   0x00000064   Code   RO         6350    i.vPortFree         heap_4.o
    0x08003660   0x08003660   0x0000004c   Code   RO         5314    i.vTaskDelay        tasks.o
    0x080036ac   0x080036ac   0x00000010   Code   RO         5333    i.vTaskSuspendAll   tasks.o
    0x080036bc   0x080036bc   0x00000064   Code   RO         5334    i.vTaskSwitchContext  tasks.o
    0x08003720   0x08003720   0x0000002c   Code   RO         6411    i.xPortSysTickHandler  port.o
    0x0800374c   0x0800374c   0x0000005a   Code   RO         5337    i.xTaskCreate       tasks.o
    0x080037a6   0x080037a6   0x0000005a   Code   RO         5338    i.xTaskCreateStatic  tasks.o
    0x08003800   0x08003800   0x0000001c   Code   RO         5342    i.xTaskGetSchedulerState  tasks.o
    0x0800381c   0x0800381c   0x000000c8   Code   RO         5345    i.xTaskIncrementTick  tasks.o
    0x080038e4   0x080038e4   0x000000c0   Code   RO         5351    i.xTaskResumeAll    tasks.o
    0x080039a4   0x080039a4   0x0000000a   Code   RO         6669    x$fpl$fpinit        fz_wv.l(fpinit.o)
    0x080039ae   0x080039ae   0x00000002   PAD
    0x080039b0   0x080039b0   0x00000024   Data   RO          245    .constdata          freertos.o
    0x080039d4   0x080039d4   0x0000005c   Data   RO         4163    .constdata          stm32h7xx_hal_fdcan.o
    0x08003a30   0x08003a30   0x00000010   Data   RO         4684    .constdata          system_stm32h7xx.o
    0x08003a40   0x08003a40   0x0000000c   Data   RO          246    .conststring        freertos.o
    0x08003a4c   0x08003a4c   0x00000020   Data   RO         6736    Region$$Table       anon$$obj.o


    Execution Region RW_IRAM1 (Exec base: 0x20000000, Load base: 0x08003a6c, Size: 0x00000000, Max: 0x00020000, ABSOLUTE)

    **** No section assigned to this execution region ****


    Execution Region RW_IRAM2 (Exec base: 0x24000000, Load base: 0x08003a6c, Size: 0x000048c0, Max: 0x00050000, ABSOLUTE)

    Exec Addr    Load Addr    Size         Type   Attr      Idx    E Section Name        Object

    0x24000000   0x08003a6c   0x00000004   Data   RW          247    .data               freertos.o
    0x24000004   0x08003a70   0x0000000c   Data   RW         3171    .data               stm32h7xx_hal.o
    0x24000010   0x08003a7c   0x00000008   Data   RW         4685    .data               system_stm32h7xx.o
    0x24000018   0x08003a84   0x0000003c   Data   RW         5354    .data               tasks.o
    0x24000054   0x08003ac0   0x00000004   Data   RW         5910    .data               cmsis_os2.o
    0x24000058   0x08003ac4   0x00000020   Data   RW         6356    .data               heap_4.o
    0x24000078   0x08003ae4   0x0000000c   Data   RW         6412    .data               port.o
    0x24000084        -       0x00000028   Zero   RW          289    .bss                cordic.o
    0x240000ac        -       0x000000a0   Zero   RW          331    .bss                fdcan.o
    0x2400014c        -       0x0000004c   Zero   RW          467    .bss                stm32h7xx_hal_timebase_tim.o
    0x24000198        -       0x000004c4   Zero   RW         5353    .bss                tasks.o
    0x2400065c        -       0x00003c00   Zero   RW         6355    .bss                heap_4.o
    0x2400425c        -       0x00000060   Zero   RW         6611    .bss                c_w.l(libspace.o)
    0x240042bc   0x08003af0   0x00000004   PAD
    0x240042c0        -       0x00000200   Zero   RW            2    HEAP                startup_stm32h723xx.o
    0x240044c0        -       0x00000400   Zero   RW            1    STACK               startup_stm32h723xx.o


==============================================================================

Image component sizes


      Code (inc. data)   RO Data    RW Data    ZI Data      Debug   Object Name

       178          0          0          0          0       4422   can_drive.o
       224          4          0          4          0      32155   cmsis_os2.o
        76         18          0          0         40       1632   cordic.o
        64          0          0          0          0       1440   dm_can.o
         0          0          0          0          0      16272   event_groups.o
       276         24          0          0        160       1883   fdcan.o
        40         14         48          4          0       1781   freertos.o
        60          6          0          0          0        939   gpio.o
       472         24          0         32      15360       4707   heap_4.o
       138          0          0          0          0       3426   list.o
       306         10          0          0          0    1216383   main.o
       422         46          0         12          0       8939   port.o
        72         30        716          0       1536        836   startup_stm32h723xx.o
       120         28          0         12          0      22330   stm32h7xx_hal.o
        52          0          0          0          0       1198   stm32h7xx_hal_cordic.o
       158         14          0          0          0      38362   stm32h7xx_hal_cortex.o
      2354         38         92          0          0      20403   stm32h7xx_hal_fdcan.o
       460         44          0          0          0       1524   stm32h7xx_hal_gpio.o
        36          4          0          0          0        930   stm32h7xx_hal_msp.o
        80          4          0          0          0        737   stm32h7xx_hal_pwr_ex.o
      2436        124          0          0          0       6618   stm32h7xx_hal_rcc.o
      2916         66          0          0          0       4907   stm32h7xx_hal_rcc_ex.o
       818         82          0          0          0       7404   stm32h7xx_hal_tim.o
         6          0          0          0          0       2316   stm32h7xx_hal_tim_ex.o
       140         18          0          0         76       1539   stm32h7xx_hal_timebase_tim.o
        36         12          0          0          0       3647   stm32h7xx_it.o
         0          0          0          0          0        392   stream_buffer.o
       244         38         16          8          0       1897   system_stm32h7xx.o
      1294         84          0         60       1220      17009   tasks.o
         0          0          0          0          0       4668   timers.o

    ----------------------------------------------------------------------
     13502        732        904        132      18392    1430696   Object Totals
         0          0         32          0          0          0   (incl. Generated)
        24          0          0          0          0          0   (incl. Padding)

    ----------------------------------------------------------------------

      Code (inc. data)   RO Data    RW Data    ZI Data      Debug   Library Member Name

         8          0          0          0          0         68   __main.o
         0          0          0          0          0          0   __rtentry.o
        12          0          0          0          0          0   __rtentry2.o
         6          0          0          0          0          0   __rtentry4.o
        52          8          0          0          0          0   __scatter.o
        26          0          0          0          0          0   __scatter_copy.o
        28          0          0          0          0          0   __scatter_zi.o
        16          0          0          0          0         68   aeabi_memset.o
        12          0          0          0          0         72   exit.o
         6          0          0          0          0        152   heapauxi.o
         0          0          0          0          0          0   indicate_semi.o
         2          0          0          0          0          0   libinit.o
         6          0          0          0          0          0   libinit2.o
         2          0          0          0          0          0   libshutdown.o
         2          0          0          0          0          0   libshutdown2.o
         8          4          0          0         96         68   libspace.o
        68          0          0          0          0         68   rt_memclr.o
        78          0          0          0          0         80   rt_memclr_w.o
       100          0          0          0          0         80   rt_memcpy_w.o
         2          0          0          0          0          0   rtexit.o
        10          0          0          0          0          0   rtexit2.o
        12          4          0          0          0         68   sys_exit.o
        74          0          0          0          0         80   sys_stackheap_outer.o
         2          0          0          0          0         68   use_no_semi.o
        10          0          0          0          0        116   fpinit.o

    ----------------------------------------------------------------------
       550         16          0          0        100        988   Library Totals
         8          0          0          0          4          0   (incl. Padding)

    ----------------------------------------------------------------------

      Code (inc. data)   RO Data    RW Data    ZI Data      Debug   Library Name

       532         16          0          0         96        872   c_w.l
        10          0          0          0          0        116   fz_wv.l

    ----------------------------------------------------------------------
       550         16          0          0        100        988   Library Totals

    ----------------------------------------------------------------------

==============================================================================


      Code (inc. data)   RO Data    RW Data    ZI Data      Debug   

     14052        748        904        132      18492    1420520   Grand Totals
     14052        748        904        132      18492    1420520   ELF Image Totals
     14052        748        904        132          0          0   ROM Totals

==============================================================================

    Total RO  Size (Code + RO Data)                14956 (  14.61kB)
    Total RW  Size (RW Data + ZI Data)             18624 (  18.19kB)
    Total ROM Size (Code + RO Data + RW Data)      15088 (  14.73kB)

==============================================================================

